Archive member included to satisfy reference by file (symbol)

c:/st/stm32cubeide_1.8.0/stm32cubeide/plugins/com.st.stm32cube.ide.mcu.externaltools.gnu-tools-for-stm32.9-2020-q2-update.win32_2.0.0.202105311346/tools/bin/../lib/gcc/arm-none-eabi/9.3.1/../../../../arm-none-eabi/lib/thumb/v7e-m+dp/hard\libc_nano.a(lib_a-errno.o)
                              ./Core/Src/syscalls.o (__errno)
c:/st/stm32cubeide_1.8.0/stm32cubeide/plugins/com.st.stm32cube.ide.mcu.externaltools.gnu-tools-for-stm32.9-2020-q2-update.win32_2.0.0.202105311346/tools/bin/../lib/gcc/arm-none-eabi/9.3.1/../../../../arm-none-eabi/lib/thumb/v7e-m+dp/hard\libc_nano.a(lib_a-exit.o)
                              c:/st/stm32cubeide_1.8.0/stm32cubeide/plugins/com.st.stm32cube.ide.mcu.externaltools.gnu-tools-for-stm32.9-2020-q2-update.win32_2.0.0.202105311346/tools/bin/../lib/gcc/arm-none-eabi/9.3.1/../../../../arm-none-eabi/lib/thumb/v7e-m+dp/hard/crt0.o (exit)
c:/st/stm32cubeide_1.8.0/stm32cubeide/plugins/com.st.stm32cube.ide.mcu.externaltools.gnu-tools-for-stm32.9-2020-q2-update.win32_2.0.0.202105311346/tools/bin/../lib/gcc/arm-none-eabi/9.3.1/../../../../arm-none-eabi/lib/thumb/v7e-m+dp/hard\libc_nano.a(lib_a-impure.o)
                              c:/st/stm32cubeide_1.8.0/stm32cubeide/plugins/com.st.stm32cube.ide.mcu.externaltools.gnu-tools-for-stm32.9-2020-q2-update.win32_2.0.0.202105311346/tools/bin/../lib/gcc/arm-none-eabi/9.3.1/../../../../arm-none-eabi/lib/thumb/v7e-m+dp/hard\libc_nano.a(lib_a-exit.o) (_global_impure_ptr)
c:/st/stm32cubeide_1.8.0/stm32cubeide/plugins/com.st.stm32cube.ide.mcu.externaltools.gnu-tools-for-stm32.9-2020-q2-update.win32_2.0.0.202105311346/tools/bin/../lib/gcc/arm-none-eabi/9.3.1/../../../../arm-none-eabi/lib/thumb/v7e-m+dp/hard\libc_nano.a(lib_a-init.o)
                              c:/st/stm32cubeide_1.8.0/stm32cubeide/plugins/com.st.stm32cube.ide.mcu.externaltools.gnu-tools-for-stm32.9-2020-q2-update.win32_2.0.0.202105311346/tools/bin/../lib/gcc/arm-none-eabi/9.3.1/../../../../arm-none-eabi/lib/thumb/v7e-m+dp/hard/crt0.o (__libc_init_array)
c:/st/stm32cubeide_1.8.0/stm32cubeide/plugins/com.st.stm32cube.ide.mcu.externaltools.gnu-tools-for-stm32.9-2020-q2-update.win32_2.0.0.202105311346/tools/bin/../lib/gcc/arm-none-eabi/9.3.1/../../../../arm-none-eabi/lib/thumb/v7e-m+dp/hard\libc_nano.a(lib_a-memset.o)
                              c:/st/stm32cubeide_1.8.0/stm32cubeide/plugins/com.st.stm32cube.ide.mcu.externaltools.gnu-tools-for-stm32.9-2020-q2-update.win32_2.0.0.202105311346/tools/bin/../lib/gcc/arm-none-eabi/9.3.1/../../../../arm-none-eabi/lib/thumb/v7e-m+dp/hard/crt0.o (memset)
c:/st/stm32cubeide_1.8.0/stm32cubeide/plugins/com.st.stm32cube.ide.mcu.externaltools.gnu-tools-for-stm32.9-2020-q2-update.win32_2.0.0.202105311346/tools/bin/../lib/gcc/arm-none-eabi/9.3.1/thumb/v7e-m+dp/hard\libgcc.a(_aeabi_uldivmod.o)
                              ./Drivers/STM32F7xx_HAL_Driver/Src/stm32f7xx_hal_rcc.o (__aeabi_uldivmod)
c:/st/stm32cubeide_1.8.0/stm32cubeide/plugins/com.st.stm32cube.ide.mcu.externaltools.gnu-tools-for-stm32.9-2020-q2-update.win32_2.0.0.202105311346/tools/bin/../lib/gcc/arm-none-eabi/9.3.1/thumb/v7e-m+dp/hard\libgcc.a(_udivmoddi4.o)
                              c:/st/stm32cubeide_1.8.0/stm32cubeide/plugins/com.st.stm32cube.ide.mcu.externaltools.gnu-tools-for-stm32.9-2020-q2-update.win32_2.0.0.202105311346/tools/bin/../lib/gcc/arm-none-eabi/9.3.1/thumb/v7e-m+dp/hard\libgcc.a(_aeabi_uldivmod.o) (__udivmoddi4)
c:/st/stm32cubeide_1.8.0/stm32cubeide/plugins/com.st.stm32cube.ide.mcu.externaltools.gnu-tools-for-stm32.9-2020-q2-update.win32_2.0.0.202105311346/tools/bin/../lib/gcc/arm-none-eabi/9.3.1/thumb/v7e-m+dp/hard\libgcc.a(_dvmd_tls.o)
                              c:/st/stm32cubeide_1.8.0/stm32cubeide/plugins/com.st.stm32cube.ide.mcu.externaltools.gnu-tools-for-stm32.9-2020-q2-update.win32_2.0.0.202105311346/tools/bin/../lib/gcc/arm-none-eabi/9.3.1/thumb/v7e-m+dp/hard\libgcc.a(_aeabi_uldivmod.o) (__aeabi_ldiv0)

Allocating common symbols
Common symbol       size              file

hdma_usart3_rx      0x60              ./Core/Src/usart.o
huart3              0x84              ./Core/Src/usart.o
hpcd_USB_OTG_FS     0x404             ./Core/Src/usb_otg.o
hcrc                0x24              ./Core/Src/crc.o
uwTick              0x4               ./Drivers/STM32F7xx_HAL_Driver/Src/stm32f7xx_hal.o
hdma_usart3_tx      0x60              ./Core/Src/usart.o
pFlash              0x1c              ./Drivers/STM32F7xx_HAL_Driver/Src/stm32f7xx_hal_flash.o

Discarded input sections

 .text          0x0000000000000000        0x0 c:/st/stm32cubeide_1.8.0/stm32cubeide/plugins/com.st.stm32cube.ide.mcu.externaltools.gnu-tools-for-stm32.9-2020-q2-update.win32_2.0.0.202105311346/tools/bin/../lib/gcc/arm-none-eabi/9.3.1/thumb/v7e-m+dp/hard/crti.o
[...]
Memory Configuration

Name             Origin             Length             Attributes
RAM              0x0000000020000000 0x0000000000080000 xrw
FLASH            0x0000000008000000 0x0000000000200000 xr
*default*        0x0000000000000000 0xffffffffffffffff

Linker script and memory map

LOAD c:/st/stm32cubeide_1.8.0/stm32cubeide/plugins/com.st.stm32cube.ide.mcu.externaltools.gnu-tools-for-stm32.9-2020-q2-update.win32_2.0.0.202105311346/tools/bin/../lib/gcc/arm-none-eabi/9.3.1/thumb/v7e-m+dp/hard/crti.o
LOAD c:/st/stm32cubeide_1.8.0/stm32cubeide/plugins/com.st.stm32cube.ide.mcu.externaltools.gnu-tools-for-stm32.9-2020-q2-update.win32_2.0.0.202105311346/tools/bin/../lib/gcc/arm-none-eabi/9.3.1/thumb/v7e-m+dp/hard/crtbegin.o
LOAD c:/st/stm32cubeide_1.8.0/stm32cubeide/plugins/com.st.stm32cube.ide.mcu.externaltools.gnu-tools-for-stm32.9-2020-q2-update.win32_2.0.0.202105311346/tools/bin/../lib/gcc/arm-none-eabi/9.3.1/../../../../arm-none-eabi/lib/thumb/v7e-m+dp/hard/crt0.o
LOAD ./Core/Src/crc.o
LOAD ./Core/Src/dma.o
LOAD ./Core/Src/gpio.o
LOAD ./Core/Src/main.o
LOAD ./Core/Src/stm32f7xx_hal_msp.o
LOAD ./Core/Src/stm32f7xx_it.o
LOAD ./Core/Src/syscalls.o
LOAD ./Core/Src/sysmem.o
LOAD ./Core/Src/system_stm32f7xx.o
LOAD ./Core/Src/usart.o
LOAD ./Core/Src/usb_otg.o
LOAD ./Core/Startup/startup_stm32f767zitx.o
LOAD ./Drivers/STM32F7xx_HAL_Driver/Src/stm32f7xx_hal.o
LOAD ./Drivers/STM32F7xx_HAL_Driver/Src/stm32f7xx_hal_cortex.o
LOAD ./Drivers/STM32F7xx_HAL_Driver/Src/stm32f7xx_hal_crc.o
LOAD ./Drivers/STM32F7xx_HAL_Driver/Src/stm32f7xx_hal_crc_ex.o
LOAD ./Drivers/STM32F7xx_HAL_Driver/Src/stm32f7xx_hal_dma.o
LOAD ./Drivers/STM32F7xx_HAL_Driver/Src/stm32f7xx_hal_dma_ex.o
LOAD ./Drivers/STM32F7xx_HAL_Driver/Src/stm32f7xx_hal_exti.o
LOAD ./Drivers/STM32F7xx_HAL_Driver/Src/stm32f7xx_hal_flash.o
LOAD ./Drivers/STM32F7xx_HAL_Driver/Src/stm32f7xx_hal_flash_ex.o
LOAD ./Drivers/STM32F7xx_HAL_Driver/Src/stm32f7xx_hal_gpio.o
LOAD ./Drivers/STM32F7xx_HAL_Driver/Src/stm32f7xx_hal_i2c.o
LOAD ./Drivers/STM32F7xx_HAL_Driver/Src/stm32f7xx_hal_i2c_ex.o
LOAD ./Drivers/STM32F7xx_HAL_Driver/Src/stm32f7xx_hal_pcd.o
LOAD ./Drivers/STM32F7xx_HAL_Driver/Src/stm32f7xx_hal_pcd_ex.o
LOAD ./Drivers/STM32F7xx_HAL_Driver/Src/stm32f7xx_hal_pwr.o
LOAD ./Drivers/STM32F7xx_HAL_Driver/Src/stm32f7xx_hal_pwr_ex.o
LOAD ./Drivers/STM32F7xx_HAL_Driver/Src/stm32f7xx_hal_rcc.o
LOAD ./Drivers/STM32F7xx_HAL_Driver/Src/stm32f7xx_hal_rcc_ex.o
LOAD ./Drivers/STM32F7xx_HAL_Driver/Src/stm32f7xx_hal_tim.o
LOAD ./Drivers/STM32F7xx_HAL_Driver/Src/stm32f7xx_hal_tim_ex.o
LOAD ./Drivers/STM32F7xx_HAL_Driver/Src/stm32f7xx_hal_uart.o
LOAD ./Drivers/STM32F7xx_HAL_Driver/Src/stm32f7xx_hal_uart_ex.o
LOAD ./Drivers/STM32F7xx_HAL_Driver/Src/stm32f7xx_ll_usb.o
START GROUP
LOAD c:/st/stm32cubeide_1.8.0/stm32cubeide/plugins/com.st.stm32cube.ide.mcu.externaltools.gnu-tools-for-stm32.9-2020-q2-update.win32_2.0.0.202105311346/tools/bin/../lib/gcc/arm-none-eabi/9.3.1/../../../../arm-none-eabi/lib/thumb/v7e-m+dp/hard\libstdc++_nano.a
LOAD c:/st/stm32cubeide_1.8.0/stm32cubeide/plugins/com.st.stm32cube.ide.mcu.externaltools.gnu-tools-for-stm32.9-2020-q2-update.win32_2.0.0.202105311346/tools/bin/../lib/gcc/arm-none-eabi/9.3.1/../../../../arm-none-eabi/lib/thumb/v7e-m+dp/hard\libsupc++_nano.a
END GROUP
LOAD c:/st/stm32cubeide_1.8.0/stm32cubeide/plugins/com.st.stm32cube.ide.mcu.externaltools.gnu-tools-for-stm32.9-2020-q2-update.win32_2.0.0.202105311346/tools/bin/../lib/gcc/arm-none-eabi/9.3.1/../../../../arm-none-eabi/lib/thumb/v7e-m+dp/hard\libstdc++_nano.a
LOAD c:/st/stm32cubeide_1.8.0/stm32cubeide/plugins/com.st.stm32cube.ide.mcu.externaltools.gnu-tools-for-stm32.9-2020-q2-update.win32_2.0.0.202105311346/tools/bin/../lib/gcc/arm-none-eabi/9.3.1/../../../../arm-none-eabi/lib/thumb/v7e-m+dp/hard\libm.a
LOAD c:/st/stm32cubeide_1.8.0/stm32cubeide/plugins/com.st.stm32cube.ide.mcu.externaltools.gnu-tools-for-stm32.9-2020-q2-update.win32_2.0.0.202105311346/tools/bin/../lib/gcc/arm-none-eabi/9.3.1/../../../../arm-none-eabi/lib/thumb/v7e-m+dp/hard\libc_nano.a
START GROUP
LOAD c:/st/stm32cubeide_1.8.0/stm32cubeide/plugins/com.st.stm32cube.ide.mcu.externaltools.gnu-tools-for-stm32.9-2020-q2-update.win32_2.0.0.202105311346/tools/bin/../lib/gcc/arm-none-eabi/9.3.1/thumb/v7e-m+dp/hard\libgcc.a
LOAD c:/st/stm32cubeide_1.8.0/stm32cubeide/plugins/com.st.stm32cube.ide.mcu.externaltools.gnu-tools-for-stm32.9-2020-q2-update.win32_2.0.0.202105311346/tools/bin/../lib/gcc/arm-none-eabi/9.3.1/../../../../arm-none-eabi/lib/thumb/v7e-m+dp/hard\libc_nano.a
END GROUP
START GROUP
LOAD c:/st/stm32cubeide_1.8.0/stm32cubeide/plugins/com.st.stm32cube.ide.mcu.externaltools.gnu-tools-for-stm32.9-2020-q2-update.win32_2.0.0.202105311346/tools/bin/../lib/gcc/arm-none-eabi/9.3.1/thumb/v7e-m+dp/hard\libgcc.a
LOAD c:/st/stm32cubeide_1.8.0/stm32cubeide/plugins/com.st.stm32cube.ide.mcu.externaltools.gnu-tools-for-stm32.9-2020-q2-update.win32_2.0.0.202105311346/tools/bin/../lib/gcc/arm-none-eabi/9.3.1/../../../../arm-none-eabi/lib/thumb/v7e-m+dp/hard\libc_nano.a
LOAD c:/st/stm32cubeide_1.8.0/stm32cubeide/plugins/com.st.stm32cube.ide.mcu.externaltools.gnu-tools-for-stm32.9-2020-q2-update.win32_2.0.0.202105311346/tools/bin/../lib/gcc/arm-none-eabi/9.3.1/../../../../arm-none-eabi/lib/thumb/v7e-m+dp/hard\libnosys.a
END GROUP
START GROUP
LOAD c:/st/stm32cubeide_1.8.0/stm32cubeide/plugins/com.st.stm32cube.ide.mcu.externaltools.gnu-tools-for-stm32.9-2020-q2-update.win32_2.0.0.202105311346/tools/bin/../lib/gcc/arm-none-eabi/9.3.1/thumb/v7e-m+dp/hard\libgcc.a
LOAD c:/st/stm32cubeide_1.8.0/stm32cubeide/plugins/com.st.stm32cube.ide.mcu.externaltools.gnu-tools-for-stm32.9-2020-q2-update.win32_2.0.0.202105311346/tools/bin/../lib/gcc/arm-none-eabi/9.3.1/../../../../arm-none-eabi/lib/thumb/v7e-m+dp/hard\libc_nano.a
LOAD c:/st/stm32cubeide_1.8.0/stm32cubeide/plugins/com.st.stm32cube.ide.mcu.externaltools.gnu-tools-for-stm32.9-2020-q2-update.win32_2.0.0.202105311346/tools/bin/../lib/gcc/arm-none-eabi/9.3.1/../../../../arm-none-eabi/lib/thumb/v7e-m+dp/hard\libnosys.a
END GROUP
LOAD c:/st/stm32cubeide_1.8.0/stm32cubeide/plugins/com.st.stm32cube.ide.mcu.externaltools.gnu-tools-for-stm32.9-2020-q2-update.win32_2.0.0.202105311346/tools/bin/../lib/gcc/arm-none-eabi/9.3.1/thumb/v7e-m+dp/hard/crtend.o
LOAD c:/st/stm32cubeide_1.8.0/stm32cubeide/plugins/com.st.stm32cube.ide.mcu.externaltools.gnu-tools-for-stm32.9-2020-q2-update.win32_2.0.0.202105311346/tools/bin/../lib/gcc/arm-none-eabi/9.3.1/thumb/v7e-m+dp/hard/crtn.o
                0x0000000020080000                _estack = (ORIGIN (RAM) + LENGTH (RAM))
                0x0000000000000200                _Min_Heap_Size = 0x200
                0x0000000000000400                _Min_Stack_Size = 0x400

.isr_vector     0x0000000008000000      0x1f8
                0x0000000008000000                . = ALIGN (0x4)
 *(.isr_vector)
 .isr_vector    0x0000000008000000      0x1f8 ./Core/Startup/startup_stm32f767zitx.o
                0x0000000008000000                g_pfnVectors
                0x00000000080001f8                . = ALIGN (0x4)

.text           0x00000000080001f8     0x51b0
                0x00000000080001f8                . = ALIGN (0x4)
 *(.text)
 .text          0x00000000080001f8       0x40 c:/st/stm32cubeide_1.8.0/stm32cubeide/plugins/com.st.stm32cube.ide.mcu.externaltools.gnu-tools-for-stm32.9-2020-q2-update.win32_2.0.0.202105311346/tools/bin/../lib/gcc/arm-none-eabi/9.3.1/thumb/v7e-m+dp/hard/crtbegin.o
 .text          0x0000000008000238       0x30 c:/st/stm32cubeide_1.8.0/stm32cubeide/plugins/com.st.stm32cube.ide.mcu.externaltools.gnu-tools-for-stm32.9-2020-q2-update.win32_2.0.0.202105311346/tools/bin/../lib/gcc/arm-none-eabi/9.3.1/thumb/v7e-m+dp/hard\libgcc.a(_aeabi_uldivmod.o)
                0x0000000008000238                __aeabi_uldivmod
 .text          0x0000000008000268      0x2c4 c:/st/stm32cubeide_1.8.0/stm32cubeide/plugins/com.st.stm32cube.ide.mcu.externaltools.gnu-tools-for-stm32.9-2020-q2-update.win32_2.0.0.202105311346/tools/bin/../lib/gcc/arm-none-eabi/9.3.1/thumb/v7e-m+dp/hard\libgcc.a(_udivmoddi4.o)
                0x0000000008000268                __udivmoddi4
 .text          0x000000000800052c        0x4 c:/st/stm32cubeide_1.8.0/stm32cubeide/plugins/com.st.stm32cube.ide.mcu.externaltools.gnu-tools-for-stm32.9-2020-q2-update.win32_2.0.0.202105311346/tools/bin/../lib/gcc/arm-none-eabi/9.3.1/thumb/v7e-m+dp/hard\libgcc.a(_dvmd_tls.o)
                0x000000000800052c                __aeabi_idiv0
                0x000000000800052c                __aeabi_ldiv0
 *(.text*)
 .text.MX_CRC_Init
                0x0000000008000530       0x5c ./Core/Src/crc.o
                0x0000000008000530                MX_CRC_Init
 .text.HAL_CRC_MspInit
                0x000000000800058c       0x40 ./Core/Src/crc.o
                0x000000000800058c                HAL_CRC_MspInit
 .text.MX_DMA_Init
                0x00000000080005cc       0x4c ./Core/Src/dma.o
                0x00000000080005cc                MX_DMA_Init
 .text.MX_GPIO_Init
                0x0000000008000618      0x1cc ./Core/Src/gpio.o
                0x0000000008000618                MX_GPIO_Init
 .text.HAL_UARTEx_RxEventCallback
                0x00000000080007e4      0x164 ./Core/Src/main.o
                0x00000000080007e4                HAL_UARTEx_RxEventCallback
 .text.main     0x0000000008000948       0x58 ./Core/Src/main.o
                0x0000000008000948                main
 .text._Z18SystemClock_Configv
                0x00000000080009a0      0x100 ./Core/Src/main.o
                0x00000000080009a0                SystemClock_Config()
 .text.Error_Handler
                0x0000000008000aa0       0x30 ./Core/Src/main.o
                0x0000000008000aa0                Error_Handler
 .text.HAL_MspInit
                0x0000000008000ad0       0x48 ./Core/Src/stm32f7xx_hal_msp.o
                0x0000000008000ad0                HAL_MspInit
 .text.NMI_Handler
                0x0000000008000b18        0x6 ./Core/Src/stm32f7xx_it.o
                0x0000000008000b18                NMI_Handler
 .text.HardFault_Handler
                0x0000000008000b1e        0x6 ./Core/Src/stm32f7xx_it.o
                0x0000000008000b1e                HardFault_Handler
 .text.MemManage_Handler
                0x0000000008000b24        0x6 ./Core/Src/stm32f7xx_it.o
                0x0000000008000b24                MemManage_Handler
 .text.BusFault_Handler
                0x0000000008000b2a        0x6 ./Core/Src/stm32f7xx_it.o
                0x0000000008000b2a                BusFault_Handler
 .text.UsageFault_Handler
                0x0000000008000b30        0x6 ./Core/Src/stm32f7xx_it.o
                0x0000000008000b30                UsageFault_Handler
 .text.SVC_Handler
                0x0000000008000b36        0xe ./Core/Src/stm32f7xx_it.o
                0x0000000008000b36                SVC_Handler
 .text.DebugMon_Handler
                0x0000000008000b44        0xe ./Core/Src/stm32f7xx_it.o
                0x0000000008000b44                DebugMon_Handler
 .text.PendSV_Handler
                0x0000000008000b52        0xe ./Core/Src/stm32f7xx_it.o
                0x0000000008000b52                PendSV_Handler
 .text.SysTick_Handler
                0x0000000008000b60        0xc ./Core/Src/stm32f7xx_it.o
                0x0000000008000b60                SysTick_Handler
 .text.DMA1_Stream1_IRQHandler
                0x0000000008000b6c       0x14 ./Core/Src/stm32f7xx_it.o
                0x0000000008000b6c                DMA1_Stream1_IRQHandler
 .text.DMA1_Stream3_IRQHandler
                0x0000000008000b80       0x14 ./Core/Src/stm32f7xx_it.o
                0x0000000008000b80                DMA1_Stream3_IRQHandler
 .text.USART3_IRQHandler
                0x0000000008000b94       0x14 ./Core/Src/stm32f7xx_it.o
                0x0000000008000b94                USART3_IRQHandler
 .text.SystemInit
                0x0000000008000ba8       0x24 ./Core/Src/system_stm32f7xx.o
                0x0000000008000ba8                SystemInit
 .text.MX_USART3_UART_Init
                0x0000000008000bcc       0x60 ./Core/Src/usart.o
                0x0000000008000bcc                MX_USART3_UART_Init
 .text.HAL_UART_MspInit
                0x0000000008000c2c      0x198 ./Core/Src/usart.o
                0x0000000008000c2c                HAL_UART_MspInit
 .text.MX_USB_OTG_FS_PCD_Init
                0x0000000008000dc4       0x5c ./Core/Src/usb_otg.o
                0x0000000008000dc4                MX_USB_OTG_FS_PCD_Init
 .text.HAL_PCD_MspInit
                0x0000000008000e20       0xf4 ./Core/Src/usb_otg.o
                0x0000000008000e20                HAL_PCD_MspInit
 .text.Reset_Handler
                0x0000000008000f14       0x50 ./Core/Startup/startup_stm32f767zitx.o
                0x0000000008000f14                Reset_Handler
 .text.Default_Handler
                0x0000000008000f64        0x2 ./Core/Startup/startup_stm32f767zitx.o
                0x0000000008000f64                RTC_Alarm_IRQHandler
                0x0000000008000f64                EXTI2_IRQHandler
                0x0000000008000f64                TIM8_CC_IRQHandler
                0x0000000008000f64                UART8_IRQHandler
                0x0000000008000f64                SPI4_IRQHandler
                0x0000000008000f64                TIM1_CC_IRQHandler
                0x0000000008000f64                DMA2_Stream5_IRQHandler
                0x0000000008000f64                JPEG_IRQHandler
                0x0000000008000f64                DMA1_Stream5_IRQHandler
                0x0000000008000f64                CAN3_RX1_IRQHandler
                0x0000000008000f64                PVD_IRQHandler
                0x0000000008000f64                TAMP_STAMP_IRQHandler
                0x0000000008000f64                CAN2_RX1_IRQHandler
                0x0000000008000f64                EXTI3_IRQHandler
                0x0000000008000f64                TIM8_TRG_COM_TIM14_IRQHandler
                0x0000000008000f64                DFSDM1_FLT1_IRQHandler
                0x0000000008000f64                TIM1_UP_TIM10_IRQHandler
                0x0000000008000f64                TIM8_UP_TIM13_IRQHandler
                0x0000000008000f64                I2C3_ER_IRQHandler
                0x0000000008000f64                DFSDM1_FLT2_IRQHandler
                0x0000000008000f64                EXTI0_IRQHandler
                0x0000000008000f64                I2C2_EV_IRQHandler
                0x0000000008000f64                DMA1_Stream2_IRQHandler
                0x0000000008000f64                CAN1_RX0_IRQHandler
                0x0000000008000f64                FPU_IRQHandler
                0x0000000008000f64                OTG_HS_WKUP_IRQHandler
                0x0000000008000f64                CAN3_SCE_IRQHandler
                0x0000000008000f64                LTDC_ER_IRQHandler
                0x0000000008000f64                CAN2_SCE_IRQHandler
                0x0000000008000f64                DMA2_Stream2_IRQHandler
                0x0000000008000f64                SPI1_IRQHandler
                0x0000000008000f64                TIM6_DAC_IRQHandler
                0x0000000008000f64                TIM1_BRK_TIM9_IRQHandler
                0x0000000008000f64                DCMI_IRQHandler
                0x0000000008000f64                CAN2_RX0_IRQHandler
                0x0000000008000f64                DMA2_Stream3_IRQHandler
                0x0000000008000f64                SAI2_IRQHandler
                0x0000000008000f64                DFSDM1_FLT3_IRQHandler
                0x0000000008000f64                USART6_IRQHandler
                0x0000000008000f64                CAN3_RX0_IRQHandler
                0x0000000008000f64                CAN1_RX1_IRQHandler
                0x0000000008000f64                UART5_IRQHandler
                0x0000000008000f64                DMA2_Stream0_IRQHandler
                0x0000000008000f64                TIM4_IRQHandler
                0x0000000008000f64                QUADSPI_IRQHandler
                0x0000000008000f64                I2C1_EV_IRQHandler
                0x0000000008000f64                DMA1_Stream6_IRQHandler
                0x0000000008000f64                UART4_IRQHandler
                0x0000000008000f64                TIM3_IRQHandler
                0x0000000008000f64                RCC_IRQHandler
                0x0000000008000f64                TIM8_BRK_TIM12_IRQHandler
                0x0000000008000f64                Default_Handler
                0x0000000008000f64                CEC_IRQHandler
                0x0000000008000f64                EXTI15_10_IRQHandler
                0x0000000008000f64                ADC_IRQHandler
                0x0000000008000f64                DMA1_Stream7_IRQHandler
                0x0000000008000f64                SPI5_IRQHandler
                0x0000000008000f64                TIM7_IRQHandler
                0x0000000008000f64                SDMMC1_IRQHandler
                0x0000000008000f64                CAN2_TX_IRQHandler
                0x0000000008000f64                TIM5_IRQHandler
                0x0000000008000f64                DMA2_Stream7_IRQHandler
                0x0000000008000f64                I2C3_EV_IRQHandler
                0x0000000008000f64                EXTI9_5_IRQHandler
                0x0000000008000f64                RTC_WKUP_IRQHandler
                0x0000000008000f64                LTDC_IRQHandler
                0x0000000008000f64                ETH_WKUP_IRQHandler
                0x0000000008000f64                SPDIF_RX_IRQHandler
                0x0000000008000f64                SPI2_IRQHandler
                0x0000000008000f64                OTG_HS_EP1_IN_IRQHandler
                0x0000000008000f64                DMA1_Stream0_IRQHandler
                0x0000000008000f64                CAN1_TX_IRQHandler
                0x0000000008000f64                EXTI4_IRQHandler
                0x0000000008000f64                RNG_IRQHandler
                0x0000000008000f64                ETH_IRQHandler
                0x0000000008000f64                OTG_HS_EP1_OUT_IRQHandler
                0x0000000008000f64                WWDG_IRQHandler
                0x0000000008000f64                SPI6_IRQHandler
                0x0000000008000f64                MDIOS_IRQHandler
                0x0000000008000f64                I2C4_EV_IRQHandler
                0x0000000008000f64                CAN3_TX_IRQHandler
                0x0000000008000f64                TIM2_IRQHandler
                0x0000000008000f64                OTG_FS_WKUP_IRQHandler
                0x0000000008000f64                TIM1_TRG_COM_TIM11_IRQHandler
                0x0000000008000f64                OTG_HS_IRQHandler
                0x0000000008000f64                DMA2D_IRQHandler
                0x0000000008000f64                EXTI1_IRQHandler
                0x0000000008000f64                SDMMC2_IRQHandler
                0x0000000008000f64                UART7_IRQHandler
                0x0000000008000f64                USART2_IRQHandler
                0x0000000008000f64                DFSDM1_FLT0_IRQHandler
                0x0000000008000f64                I2C2_ER_IRQHandler
                0x0000000008000f64                DMA2_Stream1_IRQHandler
                0x0000000008000f64                CAN1_SCE_IRQHandler
                0x0000000008000f64                FLASH_IRQHandler
                0x0000000008000f64                DMA2_Stream4_IRQHandler
                0x0000000008000f64                USART1_IRQHandler
                0x0000000008000f64                OTG_FS_IRQHandler
                0x0000000008000f64                SPI3_IRQHandler
                0x0000000008000f64                DMA1_Stream4_IRQHandler
                0x0000000008000f64                I2C1_ER_IRQHandler
                0x0000000008000f64                FMC_IRQHandler
                0x0000000008000f64                LPTIM1_IRQHandler
                0x0000000008000f64                I2C4_ER_IRQHandler
                0x0000000008000f64                DMA2_Stream6_IRQHandler
                0x0000000008000f64                SAI1_IRQHandler
 .text.HAL_Init
                0x0000000008000f66       0x1a ./Drivers/STM32F7xx_HAL_Driver/Src/stm32f7xx_hal.o
                0x0000000008000f66                HAL_Init
 .text.HAL_InitTick
                0x0000000008000f80       0x60 ./Drivers/STM32F7xx_HAL_Driver/Src/stm32f7xx_hal.o
                0x0000000008000f80                HAL_InitTick
 .text.HAL_IncTick
                0x0000000008000fe0       0x28 ./Drivers/STM32F7xx_HAL_Driver/Src/stm32f7xx_hal.o
                0x0000000008000fe0                HAL_IncTick
 .text.HAL_GetTick
                0x0000000008001008       0x18 ./Drivers/STM32F7xx_HAL_Driver/Src/stm32f7xx_hal.o
                0x0000000008001008                HAL_GetTick
 .text.HAL_Delay
                0x0000000008001020       0x48 ./Drivers/STM32F7xx_HAL_Driver/Src/stm32f7xx_hal.o
                0x0000000008001020                HAL_Delay
 .text.__NVIC_SetPriorityGrouping
                0x0000000008001068       0x48 ./Drivers/STM32F7xx_HAL_Driver/Src/stm32f7xx_hal_cortex.o
 .text.__NVIC_GetPriorityGrouping
                0x00000000080010b0       0x1c ./Drivers/STM32F7xx_HAL_Driver/Src/stm32f7xx_hal_cortex.o
 .text.__NVIC_EnableIRQ
                0x00000000080010cc       0x3c ./Drivers/STM32F7xx_HAL_Driver/Src/stm32f7xx_hal_cortex.o
 .text.__NVIC_SetPriority
                0x0000000008001108       0x54 ./Drivers/STM32F7xx_HAL_Driver/Src/stm32f7xx_hal_cortex.o
 .text.NVIC_EncodePriority
                0x000000000800115c       0x66 ./Drivers/STM32F7xx_HAL_Driver/Src/stm32f7xx_hal_cortex.o
 *fill*         0x00000000080011c2        0x2 
 .text.SysTick_Config
                0x00000000080011c4       0x44 ./Drivers/STM32F7xx_HAL_Driver/Src/stm32f7xx_hal_cortex.o
 .text.HAL_NVIC_SetPriorityGrouping
                0x0000000008001208       0x16 ./Drivers/STM32F7xx_HAL_Driver/Src/stm32f7xx_hal_cortex.o
                0x0000000008001208                HAL_NVIC_SetPriorityGrouping
 .text.HAL_NVIC_SetPriority
                0x000000000800121e       0x38 ./Drivers/STM32F7xx_HAL_Driver/Src/stm32f7xx_hal_cortex.o
                0x000000000800121e                HAL_NVIC_SetPriority
 .text.HAL_NVIC_EnableIRQ
                0x0000000008001256       0x1c ./Drivers/STM32F7xx_HAL_Driver/Src/stm32f7xx_hal_cortex.o
                0x0000000008001256                HAL_NVIC_EnableIRQ
 .text.HAL_SYSTICK_Config
                0x0000000008001272       0x18 ./Drivers/STM32F7xx_HAL_Driver/Src/stm32f7xx_hal_cortex.o
                0x0000000008001272                HAL_SYSTICK_Config
 *fill*         0x000000000800128a        0x2 
 .text.HAL_CRC_Init
                0x000000000800128c       0xc8 ./Drivers/STM32F7xx_HAL_Driver/Src/stm32f7xx_hal_crc.o
                0x000000000800128c                HAL_CRC_Init
 .text.HAL_CRC_Calculate
                0x0000000008001354       0x98 ./Drivers/STM32F7xx_HAL_Driver/Src/stm32f7xx_hal_crc.o
                0x0000000008001354                HAL_CRC_Calculate
 .text.CRC_Handle_8
                0x00000000080013ec      0x11c ./Drivers/STM32F7xx_HAL_Driver/Src/stm32f7xx_hal_crc.o
 .text.CRC_Handle_16
                0x0000000008001508       0x74 ./Drivers/STM32F7xx_HAL_Driver/Src/stm32f7xx_hal_crc.o
 .text.HAL_CRCEx_Polynomial_Set
                0x000000000800157c      0x10c ./Drivers/STM32F7xx_HAL_Driver/Src/stm32f7xx_hal_crc_ex.o
                0x000000000800157c                HAL_CRCEx_Polynomial_Set
 .text.HAL_DMA_Init
                0x0000000008001688      0x15c ./Drivers/STM32F7xx_HAL_Driver/Src/stm32f7xx_hal_dma.o
                0x0000000008001688                HAL_DMA_Init
 .text.HAL_DMA_Start_IT
                0x00000000080017e4       0xc0 ./Drivers/STM32F7xx_HAL_Driver/Src/stm32f7xx_hal_dma.o
                0x00000000080017e4                HAL_DMA_Start_IT
 .text.HAL_DMA_Abort
                0x00000000080018a4       0xe0 ./Drivers/STM32F7xx_HAL_Driver/Src/stm32f7xx_hal_dma.o
                0x00000000080018a4                HAL_DMA_Abort
 .text.HAL_DMA_Abort_IT
                0x0000000008001984       0x44 ./Drivers/STM32F7xx_HAL_Driver/Src/stm32f7xx_hal_dma.o
                0x0000000008001984                HAL_DMA_Abort_IT
 .text.HAL_DMA_IRQHandler
                0x00000000080019c8      0x314 ./Drivers/STM32F7xx_HAL_Driver/Src/stm32f7xx_hal_dma.o
                0x00000000080019c8                HAL_DMA_IRQHandler
 .text.DMA_SetConfig
                0x0000000008001cdc       0x5c ./Drivers/STM32F7xx_HAL_Driver/Src/stm32f7xx_hal_dma.o
 .text.DMA_CalcBaseAndBitshift
                0x0000000008001d38       0x6c ./Drivers/STM32F7xx_HAL_Driver/Src/stm32f7xx_hal_dma.o
 .text.DMA_CheckFifoParam
                0x0000000008001da4       0xf8 ./Drivers/STM32F7xx_HAL_Driver/Src/stm32f7xx_hal_dma.o
 .text.HAL_GPIO_Init
                0x0000000008001e9c      0x358 ./Drivers/STM32F7xx_HAL_Driver/Src/stm32f7xx_hal_gpio.o
                0x0000000008001e9c                HAL_GPIO_Init
 .text.HAL_GPIO_WritePin
                0x00000000080021f4       0x32 ./Drivers/STM32F7xx_HAL_Driver/Src/stm32f7xx_hal_gpio.o
                0x00000000080021f4                HAL_GPIO_WritePin
 .text.HAL_PCD_Init
                0x0000000008002226      0x248 ./Drivers/STM32F7xx_HAL_Driver/Src/stm32f7xx_hal_pcd.o
                0x0000000008002226                HAL_PCD_Init
 *fill*         0x000000000800246e        0x2 
 .text.HAL_PCDEx_ActivateLPM
                0x0000000008002470       0x48 ./Drivers/STM32F7xx_HAL_Driver/Src/stm32f7xx_hal_pcd_ex.o
                0x0000000008002470                HAL_PCDEx_ActivateLPM
 .text.HAL_PWR_EnableBkUpAccess
                0x00000000080024b8       0x20 ./Drivers/STM32F7xx_HAL_Driver/Src/stm32f7xx_hal_pwr.o
                0x00000000080024b8                HAL_PWR_EnableBkUpAccess
 .text.HAL_PWREx_EnableOverDrive
                0x00000000080024d8       0xa0 ./Drivers/STM32F7xx_HAL_Driver/Src/stm32f7xx_hal_pwr_ex.o
                0x00000000080024d8                HAL_PWREx_EnableOverDrive
 .text.HAL_RCC_OscConfig
                0x0000000008002578      0x55c ./Drivers/STM32F7xx_HAL_Driver/Src/stm32f7xx_hal_rcc.o
                0x0000000008002578                HAL_RCC_OscConfig
 .text.HAL_RCC_ClockConfig
                0x0000000008002ad4      0x1d8 ./Drivers/STM32F7xx_HAL_Driver/Src/stm32f7xx_hal_rcc.o
                0x0000000008002ad4                HAL_RCC_ClockConfig
 .text.HAL_RCC_GetSysClockFreq
                0x0000000008002cac      0x1c4 ./Drivers/STM32F7xx_HAL_Driver/Src/stm32f7xx_hal_rcc.o
                0x0000000008002cac                HAL_RCC_GetSysClockFreq
 .text.HAL_RCC_GetHCLKFreq
                0x0000000008002e70       0x18 ./Drivers/STM32F7xx_HAL_Driver/Src/stm32f7xx_hal_rcc.o
                0x0000000008002e70                HAL_RCC_GetHCLKFreq
 .text.HAL_RCC_GetPCLK1Freq
                0x0000000008002e88       0x28 ./Drivers/STM32F7xx_HAL_Driver/Src/stm32f7xx_hal_rcc.o
                0x0000000008002e88                HAL_RCC_GetPCLK1Freq
 .text.HAL_RCC_GetPCLK2Freq
                0x0000000008002eb0       0x28 ./Drivers/STM32F7xx_HAL_Driver/Src/stm32f7xx_hal_rcc.o
                0x0000000008002eb0                HAL_RCC_GetPCLK2Freq
 .text.HAL_RCCEx_PeriphCLKConfig
                0x0000000008002ed8      0x850 ./Drivers/STM32F7xx_HAL_Driver/Src/stm32f7xx_hal_rcc_ex.o
                0x0000000008002ed8                HAL_RCCEx_PeriphCLKConfig
 .text.HAL_UART_Init
                0x0000000008003728       0x9c ./Drivers/STM32F7xx_HAL_Driver/Src/stm32f7xx_hal_uart.o
                0x0000000008003728                HAL_UART_Init
 .text.HAL_UART_Transmit_DMA
                0x00000000080037c4      0x120 ./Drivers/STM32F7xx_HAL_Driver/Src/stm32f7xx_hal_uart.o
                0x00000000080037c4                HAL_UART_Transmit_DMA
 .text.HAL_UART_IRQHandler
                0x00000000080038e4      0x5c0 ./Drivers/STM32F7xx_HAL_Driver/Src/stm32f7xx_hal_uart.o
                0x00000000080038e4                HAL_UART_IRQHandler
 .text.HAL_UART_TxCpltCallback
                0x0000000008003ea4       0x14 ./Drivers/STM32F7xx_HAL_Driver/Src/stm32f7xx_hal_uart.o
                0x0000000008003ea4                HAL_UART_TxCpltCallback
 .text.HAL_UART_TxHalfCpltCallback
                0x0000000008003eb8       0x14 ./Drivers/STM32F7xx_HAL_Driver/Src/stm32f7xx_hal_uart.o
                0x0000000008003eb8                HAL_UART_TxHalfCpltCallback
 .text.HAL_UART_RxCpltCallback
                0x0000000008003ecc       0x14 ./Drivers/STM32F7xx_HAL_Driver/Src/stm32f7xx_hal_uart.o
                0x0000000008003ecc                HAL_UART_RxCpltCallback
 .text.HAL_UART_RxHalfCpltCallback
                0x0000000008003ee0       0x14 ./Drivers/STM32F7xx_HAL_Driver/Src/stm32f7xx_hal_uart.o
                0x0000000008003ee0                HAL_UART_RxHalfCpltCallback
 .text.HAL_UART_ErrorCallback
                0x0000000008003ef4       0x14 ./Drivers/STM32F7xx_HAL_Driver/Src/stm32f7xx_hal_uart.o
                0x0000000008003ef4                HAL_UART_ErrorCallback
 .text.HAL_UARTEx_WakeupCallback
                0x0000000008003f08       0x14 ./Drivers/STM32F7xx_HAL_Driver/Src/stm32f7xx_hal_uart.o
                0x0000000008003f08                HAL_UARTEx_WakeupCallback
 .text.UART_SetConfig
                0x0000000008003f1c      0x4c4 ./Drivers/STM32F7xx_HAL_Driver/Src/stm32f7xx_hal_uart.o
                0x0000000008003f1c                UART_SetConfig
 .text.UART_AdvFeatureConfig
                0x00000000080043e0      0x144 ./Drivers/STM32F7xx_HAL_Driver/Src/stm32f7xx_hal_uart.o
                0x00000000080043e0                UART_AdvFeatureConfig
 .text.UART_CheckIdleState
                0x0000000008004524       0x92 ./Drivers/STM32F7xx_HAL_Driver/Src/stm32f7xx_hal_uart.o
                0x0000000008004524                UART_CheckIdleState
 .text.UART_WaitOnFlagUntilTimeout
                0x00000000080045b6      0x188 ./Drivers/STM32F7xx_HAL_Driver/Src/stm32f7xx_hal_uart.o
                0x00000000080045b6                UART_WaitOnFlagUntilTimeout
 *fill*         0x000000000800473e        0x2 
 .text.UART_Start_Receive_DMA
                0x0000000008004740      0x14c ./Drivers/STM32F7xx_HAL_Driver/Src/stm32f7xx_hal_uart.o
                0x0000000008004740                UART_Start_Receive_DMA
 .text.UART_EndTxTransfer
                0x000000000800488c       0x4c ./Drivers/STM32F7xx_HAL_Driver/Src/stm32f7xx_hal_uart.o
 .text.UART_EndRxTransfer
                0x00000000080048d8       0xc6 ./Drivers/STM32F7xx_HAL_Driver/Src/stm32f7xx_hal_uart.o
 .text.UART_DMATransmitCplt
                0x000000000800499e       0x96 ./Drivers/STM32F7xx_HAL_Driver/Src/stm32f7xx_hal_uart.o
 .text.UART_DMATxHalfCplt
                0x0000000008004a34       0x1c ./Drivers/STM32F7xx_HAL_Driver/Src/stm32f7xx_hal_uart.o
 .text.UART_DMAReceiveCplt
                0x0000000008004a50      0x120 ./Drivers/STM32F7xx_HAL_Driver/Src/stm32f7xx_hal_uart.o
 .text.UART_DMARxHalfCplt
                0x0000000008004b70       0x38 ./Drivers/STM32F7xx_HAL_Driver/Src/stm32f7xx_hal_uart.o
 .text.UART_DMAError
                0x0000000008004ba8       0x7c ./Drivers/STM32F7xx_HAL_Driver/Src/stm32f7xx_hal_uart.o
 .text.UART_DMAAbortOnError
                0x0000000008004c24       0x2c ./Drivers/STM32F7xx_HAL_Driver/Src/stm32f7xx_hal_uart.o
 .text.UART_EndTransmit_IT
                0x0000000008004c50       0x54 ./Drivers/STM32F7xx_HAL_Driver/Src/stm32f7xx_hal_uart.o
 .text.HAL_UARTEx_ReceiveToIdle_DMA
                0x0000000008004ca4       0xb6 ./Drivers/STM32F7xx_HAL_Driver/Src/stm32f7xx_hal_uart_ex.o
                0x0000000008004ca4                HAL_UARTEx_ReceiveToIdle_DMA
 *fill*         0x0000000008004d5a        0x2 
 .text.USB_CoreInit
                0x0000000008004d5c       0xb0 ./Drivers/STM32F7xx_HAL_Driver/Src/stm32f7xx_ll_usb.o
                0x0000000008004d5c                USB_CoreInit
 .text.USB_DisableGlobalInt
                0x0000000008004e0c       0x22 ./Drivers/STM32F7xx_HAL_Driver/Src/stm32f7xx_ll_usb.o
                0x0000000008004e0c                USB_DisableGlobalInt
 .text.USB_SetCurrentMode
                0x0000000008004e2e       0x98 ./Drivers/STM32F7xx_HAL_Driver/Src/stm32f7xx_ll_usb.o
                0x0000000008004e2e                USB_SetCurrentMode
 *fill*         0x0000000008004ec6        0x2 
 .text.USB_DevInit
                0x0000000008004ec8      0x2bc ./Drivers/STM32F7xx_HAL_Driver/Src/stm32f7xx_ll_usb.o
                0x0000000008004ec8                USB_DevInit
 .text.USB_FlushTxFifo
                0x0000000008005184       0x64 ./Drivers/STM32F7xx_HAL_Driver/Src/stm32f7xx_ll_usb.o
                0x0000000008005184                USB_FlushTxFifo
 .text.USB_FlushRxFifo
                0x00000000080051e8       0x5c ./Drivers/STM32F7xx_HAL_Driver/Src/stm32f7xx_ll_usb.o
                0x00000000080051e8                USB_FlushRxFifo
 .text.USB_SetDevSpeed
                0x0000000008005244       0x32 ./Drivers/STM32F7xx_HAL_Driver/Src/stm32f7xx_ll_usb.o
                0x0000000008005244                USB_SetDevSpeed
 .text.USB_DevDisconnect
                0x0000000008005276       0x42 ./Drivers/STM32F7xx_HAL_Driver/Src/stm32f7xx_ll_usb.o
                0x0000000008005276                USB_DevDisconnect
 .text.USB_GetMode
                0x00000000080052b8       0x1c ./Drivers/STM32F7xx_HAL_Driver/Src/stm32f7xx_ll_usb.o
                0x00000000080052b8                USB_GetMode
 .text.USB_CoreReset
                0x00000000080052d4       0x64 ./Drivers/STM32F7xx_HAL_Driver/Src/stm32f7xx_ll_usb.o
 .text.__libc_init_array
                0x0000000008005338       0x48 c:/st/stm32cubeide_1.8.0/stm32cubeide/plugins/com.st.stm32cube.ide.mcu.externaltools.gnu-tools-for-stm32.9-2020-q2-update.win32_2.0.0.202105311346/tools/bin/../lib/gcc/arm-none-eabi/9.3.1/../../../../arm-none-eabi/lib/thumb/v7e-m+dp/hard\libc_nano.a(lib_a-init.o)
                0x0000000008005338                __libc_init_array
 .text.memset   0x0000000008005380       0x10 c:/st/stm32cubeide_1.8.0/stm32cubeide/plugins/com.st.stm32cube.ide.mcu.externaltools.gnu-tools-for-stm32.9-2020-q2-update.win32_2.0.0.202105311346/tools/bin/../lib/gcc/arm-none-eabi/9.3.1/../../../../arm-none-eabi/lib/thumb/v7e-m+dp/hard\libc_nano.a(lib_a-memset.o)
                0x0000000008005380                memset
 *(.glue_7)
 .glue_7        0x0000000008005390        0x0 linker stubs
 *(.glue_7t)
 .glue_7t       0x0000000008005390        0x0 linker stubs
 *(.eh_frame)
 .eh_frame      0x0000000008005390        0x0 c:/st/stm32cubeide_1.8.0/stm32cubeide/plugins/com.st.stm32cube.ide.mcu.externaltools.gnu-tools-for-stm32.9-2020-q2-update.win32_2.0.0.202105311346/tools/bin/../lib/gcc/arm-none-eabi/9.3.1/thumb/v7e-m+dp/hard/crtbegin.o
 *(.init)
 .init          0x0000000008005390        0x4 c:/st/stm32cubeide_1.8.0/stm32cubeide/plugins/com.st.stm32cube.ide.mcu.externaltools.gnu-tools-for-stm32.9-2020-q2-update.win32_2.0.0.202105311346/tools/bin/../lib/gcc/arm-none-eabi/9.3.1/thumb/v7e-m+dp/hard/crti.o
                0x0000000008005390                _init
 .init          0x0000000008005394        0x8 c:/st/stm32cubeide_1.8.0/stm32cubeide/plugins/com.st.stm32cube.ide.mcu.externaltools.gnu-tools-for-stm32.9-2020-q2-update.win32_2.0.0.202105311346/tools/bin/../lib/gcc/arm-none-eabi/9.3.1/thumb/v7e-m+dp/hard/crtn.o
 *(.fini)
 .fini          0x000000000800539c        0x4 c:/st/stm32cubeide_1.8.0/stm32cubeide/plugins/com.st.stm32cube.ide.mcu.externaltools.gnu-tools-for-stm32.9-2020-q2-update.win32_2.0.0.202105311346/tools/bin/../lib/gcc/arm-none-eabi/9.3.1/thumb/v7e-m+dp/hard/crti.o
                0x000000000800539c                _fini
 .fini          0x00000000080053a0        0x8 c:/st/stm32cubeide_1.8.0/stm32cubeide/plugins/com.st.stm32cube.ide.mcu.externaltools.gnu-tools-for-stm32.9-2020-q2-update.win32_2.0.0.202105311346/tools/bin/../lib/gcc/arm-none-eabi/9.3.1/thumb/v7e-m+dp/hard/crtn.o
                0x00000000080053a8                . = ALIGN (0x4)
                0x00000000080053a8                _etext = .

.vfp11_veneer   0x00000000080053a8        0x0
 .vfp11_veneer  0x00000000080053a8        0x0 linker stubs

.v4_bx          0x00000000080053a8        0x0
 .v4_bx         0x00000000080053a8        0x0 linker stubs

.iplt           0x00000000080053a8        0x0
 .iplt          0x00000000080053a8        0x0 c:/st/stm32cubeide_1.8.0/stm32cubeide/plugins/com.st.stm32cube.ide.mcu.externaltools.gnu-tools-for-stm32.9-2020-q2-update.win32_2.0.0.202105311346/tools/bin/../lib/gcc/arm-none-eabi/9.3.1/thumb/v7e-m+dp/hard/crtbegin.o

.rodata         0x00000000080053a8       0x24
                0x00000000080053a8                . = ALIGN (0x4)
 *(.rodata)
 .rodata        0x00000000080053a8        0x3 ./Core/Src/main.o
 *(.rodata*)
 *fill*         0x00000000080053ab        0x1 
 .rodata.AHBPrescTable
                0x00000000080053ac       0x10 ./Core/Src/system_stm32f7xx.o
                0x00000000080053ac                AHBPrescTable
 .rodata.APBPrescTable
                0x00000000080053bc        0x8 ./Core/Src/system_stm32f7xx.o
                0x00000000080053bc                APBPrescTable
 .rodata.flagBitshiftOffset.8999
                0x00000000080053c4        0x8 ./Drivers/STM32F7xx_HAL_Driver/Src/stm32f7xx_hal_dma.o
                0x00000000080053cc                . = ALIGN (0x4)

.ARM.extab      0x00000000080053cc        0x0
                0x00000000080053cc                . = ALIGN (0x4)
 *(.ARM.extab* .gnu.linkonce.armextab.*)
                0x00000000080053cc                . = ALIGN (0x4)

.ARM            0x00000000080053cc        0x8
                0x00000000080053cc                . = ALIGN (0x4)
                0x00000000080053cc                __exidx_start = .
 *(.ARM.exidx*)
 .ARM.exidx     0x00000000080053cc        0x8 c:/st/stm32cubeide_1.8.0/stm32cubeide/plugins/com.st.stm32cube.ide.mcu.externaltools.gnu-tools-for-stm32.9-2020-q2-update.win32_2.0.0.202105311346/tools/bin/../lib/gcc/arm-none-eabi/9.3.1/thumb/v7e-m+dp/hard\libgcc.a(_udivmoddi4.o)
                0x00000000080053d4                __exidx_end = .
                0x00000000080053d4                . = ALIGN (0x4)

.rel.dyn        0x00000000080053d4        0x0
 .rel.iplt      0x00000000080053d4        0x0 c:/st/stm32cubeide_1.8.0/stm32cubeide/plugins/com.st.stm32cube.ide.mcu.externaltools.gnu-tools-for-stm32.9-2020-q2-update.win32_2.0.0.202105311346/tools/bin/../lib/gcc/arm-none-eabi/9.3.1/thumb/v7e-m+dp/hard/crtbegin.o

.preinit_array  0x00000000080053d4        0x0
                0x00000000080053d4                . = ALIGN (0x4)
                0x00000000080053d4                PROVIDE (__preinit_array_start = .)
 *(.preinit_array*)
                0x00000000080053d4                PROVIDE (__preinit_array_end = .)
                0x00000000080053d4                . = ALIGN (0x4)

.init_array     0x00000000080053d4        0x4
                0x00000000080053d4                . = ALIGN (0x4)
                0x00000000080053d4                PROVIDE (__init_array_start = .)
 *(SORT_BY_NAME(.init_array.*))
 *(.init_array*)
 .init_array    0x00000000080053d4        0x4 c:/st/stm32cubeide_1.8.0/stm32cubeide/plugins/com.st.stm32cube.ide.mcu.externaltools.gnu-tools-for-stm32.9-2020-q2-update.win32_2.0.0.202105311346/tools/bin/../lib/gcc/arm-none-eabi/9.3.1/thumb/v7e-m+dp/hard/crtbegin.o
                0x00000000080053d8                PROVIDE (__init_array_end = .)
                0x00000000080053d8                . = ALIGN (0x4)

.fini_array     0x00000000080053d8        0x4
                0x00000000080053d8                . = ALIGN (0x4)
                [!provide]                        PROVIDE (__fini_array_start = .)
 *(SORT_BY_NAME(.fini_array.*))
 *(.fini_array*)
 .fini_array    0x00000000080053d8        0x4 c:/st/stm32cubeide_1.8.0/stm32cubeide/plugins/com.st.stm32cube.ide.mcu.externaltools.gnu-tools-for-stm32.9-2020-q2-update.win32_2.0.0.202105311346/tools/bin/../lib/gcc/arm-none-eabi/9.3.1/thumb/v7e-m+dp/hard/crtbegin.o
                [!provide]                        PROVIDE (__fini_array_end = .)
                0x00000000080053dc                . = ALIGN (0x4)
                0x00000000080053dc                _sidata = LOADADDR (.data)

.data           0x0000000020000000        0xc load address 0x00000000080053dc
                0x0000000020000000                . = ALIGN (0x4)
                0x0000000020000000                _sdata = .
 *(.data)
 *(.data*)
 .data.SystemCoreClock
                0x0000000020000000        0x4 ./Core/Src/system_stm32f7xx.o
                0x0000000020000000                SystemCoreClock
 .data.uwTickPrio
                0x0000000020000004        0x4 ./Drivers/STM32F7xx_HAL_Driver/Src/stm32f7xx_hal.o
                0x0000000020000004                uwTickPrio
 .data.uwTickFreq
                0x0000000020000008        0x1 ./Drivers/STM32F7xx_HAL_Driver/Src/stm32f7xx_hal.o
                0x0000000020000008                uwTickFreq
 *(.RamFunc)
 *(.RamFunc*)
                0x000000002000000c                . = ALIGN (0x4)
 *fill*         0x0000000020000009        0x3 
                0x000000002000000c                _edata = .

.igot.plt       0x000000002000000c        0x0 load address 0x00000000080053e8
 .igot.plt      0x000000002000000c        0x0 c:/st/stm32cubeide_1.8.0/stm32cubeide/plugins/com.st.stm32cube.ide.mcu.externaltools.gnu-tools-for-stm32.9-2020-q2-update.win32_2.0.0.202105311346/tools/bin/../lib/gcc/arm-none-eabi/9.3.1/thumb/v7e-m+dp/hard/crtbegin.o
                0x000000002000000c                . = ALIGN (0x4)

.bss            0x000000002000000c      0x5bc load address 0x00000000080053e8
                0x000000002000000c                _sbss = .
                0x000000002000000c                __bss_start__ = _sbss
 *(.bss)
 .bss           0x000000002000000c       0x1c c:/st/stm32cubeide_1.8.0/stm32cubeide/plugins/com.st.stm32cube.ide.mcu.externaltools.gnu-tools-for-stm32.9-2020-q2-update.win32_2.0.0.202105311346/tools/bin/../lib/gcc/arm-none-eabi/9.3.1/thumb/v7e-m+dp/hard/crtbegin.o
 *(.bss*)
 .bss.CRCValue  0x0000000020000028        0x2 ./Core/Src/main.o
                0x0000000020000028                CRCValue
 .bss.ExpectedCRCValue
                0x000000002000002a        0x2 ./Core/Src/main.o
                0x000000002000002a                ExpectedCRCValue
 .bss.Old_Rx_Buffer
                0x000000002000002c       0x14 ./Core/Src/main.o
                0x000000002000002c                Old_Rx_Buffer
 .bss.New_Rx_Buffer
                0x0000000020000040       0x14 ./Core/Src/main.o
                0x0000000020000040                New_Rx_Buffer
 .bss.cmdDataSize
                0x0000000020000054        0x2 ./Core/Src/main.o
                0x0000000020000054                cmdDataSize
 *(COMMON)
 *fill*         0x0000000020000056        0x2 
 COMMON         0x0000000020000058       0x24 ./Core/Src/crc.o
                0x0000000020000058                hcrc
 COMMON         0x000000002000007c      0x144 ./Core/Src/usart.o
                0x000000002000007c                hdma_usart3_rx
                0x00000000200000dc                huart3
                0x0000000020000160                hdma_usart3_tx
 COMMON         0x00000000200001c0      0x404 ./Core/Src/usb_otg.o
                0x00000000200001c0                hpcd_USB_OTG_FS
 COMMON         0x00000000200005c4        0x4 ./Drivers/STM32F7xx_HAL_Driver/Src/stm32f7xx_hal.o
                0x00000000200005c4                uwTick
                0x00000000200005c8                . = ALIGN (0x4)
                0x00000000200005c8                _ebss = .
                0x00000000200005c8                __bss_end__ = _ebss

._user_heap_stack
                0x00000000200005c8      0x600 load address 0x00000000080053e8
                0x00000000200005c8                . = ALIGN (0x8)
                [!provide]                        PROVIDE (end = .)
                0x00000000200005c8                PROVIDE (_end = .)
                0x00000000200007c8                . = (. + _Min_Heap_Size)
 *fill*         0x00000000200005c8      0x200 
                0x0000000020000bc8                . = (. + _Min_Stack_Size)
 *fill*         0x00000000200007c8      0x400 
                0x0000000020000bc8                . = ALIGN (0x8)

/DISCARD/
 libc.a(*)
 libm.a(*)
 libgcc.a(*)

.ARM.attributes
                0x0000000000000000       0x2e
 *(.ARM.attributes)
 .ARM.attributes
                0x0000000000000000       0x1e c:/st/stm32cubeide_1.8.0/stm32cubeide/plugins/com.st.stm32cube.ide.mcu.externaltools.gnu-tools-for-stm32.9-2020-q2-update.win32_2.0.0.202105311346/tools/bin/../lib/gcc/arm-none-eabi/9.3.1/thumb/v7e-m+dp/hard/crti.o
 .ARM.attributes
                0x000000000000001e       0x32 c:/st/stm32cubeide_1.8.0/stm32cubeide/plugins/com.st.stm32cube.ide.mcu.externaltools.gnu-tools-for-stm32.9-2020-q2-update.win32_2.0.0.202105311346/tools/bin/../lib/gcc/arm-none-eabi/9.3.1/thumb/v7e-m+dp/hard/crtbegin.o
 .ARM.attributes
                0x0000000000000050       0x32 ./Core/Src/crc.o
 .ARM.attributes
                0x0000000000000082       0x32 ./Core/Src/dma.o
 .ARM.attributes
                0x00000000000000b4       0x32 ./Core/Src/gpio.o
 .ARM.attributes
                0x00000000000000e6       0x32 ./Core/Src/main.o
 .ARM.attributes
                0x0000000000000118       0x32 ./Core/Src/stm32f7xx_hal_msp.o
 .ARM.attributes
                0x000000000000014a       0x32 ./Core/Src/stm32f7xx_it.o
 .ARM.attributes
                0x000000000000017c       0x32 ./Core/Src/system_stm32f7xx.o
 .ARM.attributes
                0x00000000000001ae       0x32 ./Core/Src/usart.o
 .ARM.attributes
                0x00000000000001e0       0x32 ./Core/Src/usb_otg.o
 .ARM.attributes
                0x0000000000000212       0x21 ./Core/Startup/startup_stm32f767zitx.o
 .ARM.attributes
                0x0000000000000233       0x32 ./Drivers/STM32F7xx_HAL_Driver/Src/stm32f7xx_hal.o
 .ARM.attributes
                0x0000000000000265       0x32 ./Drivers/STM32F7xx_HAL_Driver/Src/stm32f7xx_hal_cortex.o
 .ARM.attributes
                0x0000000000000297       0x32 ./Drivers/STM32F7xx_HAL_Driver/Src/stm32f7xx_hal_crc.o
 .ARM.attributes
                0x00000000000002c9       0x32 ./Drivers/STM32F7xx_HAL_Driver/Src/stm32f7xx_hal_crc_ex.o
 .ARM.attributes
                0x00000000000002fb       0x32 ./Drivers/STM32F7xx_HAL_Driver/Src/stm32f7xx_hal_dma.o
 .ARM.attributes
                0x000000000000032d       0x32 ./Drivers/STM32F7xx_HAL_Driver/Src/stm32f7xx_hal_gpio.o
 .ARM.attributes
                0x000000000000035f       0x32 ./Drivers/STM32F7xx_HAL_Driver/Src/stm32f7xx_hal_pcd.o
 .ARM.attributes
                0x0000000000000391       0x32 ./Drivers/STM32F7xx_HAL_Driver/Src/stm32f7xx_hal_pcd_ex.o
 .ARM.attributes
                0x00000000000003c3       0x32 ./Drivers/STM32F7xx_HAL_Driver/Src/stm32f7xx_hal_pwr.o
 .ARM.attributes
                0x00000000000003f5       0x32 ./Drivers/STM32F7xx_HAL_Driver/Src/stm32f7xx_hal_pwr_ex.o
 .ARM.attributes
                0x0000000000000427       0x32 ./Drivers/STM32F7xx_HAL_Driver/Src/stm32f7xx_hal_rcc.o
 .ARM.attributes
                0x0000000000000459       0x32 ./Drivers/STM32F7xx_HAL_Driver/Src/stm32f7xx_hal_rcc_ex.o
 .ARM.attributes
                0x000000000000048b       0x32 ./Drivers/STM32F7xx_HAL_Driver/Src/stm32f7xx_hal_uart.o
 .ARM.attributes
                0x00000000000004bd       0x32 ./Drivers/STM32F7xx_HAL_Driver/Src/stm32f7xx_hal_uart_ex.o
 .ARM.attributes
                0x00000000000004ef       0x32 ./Drivers/STM32F7xx_HAL_Driver/Src/stm32f7xx_ll_usb.o
 .ARM.attributes
                0x0000000000000521       0x32 c:/st/stm32cubeide_1.8.0/stm32cubeide/plugins/com.st.stm32cube.ide.mcu.externaltools.gnu-tools-for-stm32.9-2020-q2-update.win32_2.0.0.202105311346/tools/bin/../lib/gcc/arm-none-eabi/9.3.1/../../../../arm-none-eabi/lib/thumb/v7e-m+dp/hard\libc_nano.a(lib_a-init.o)
 .ARM.attributes
                0x0000000000000553       0x32 c:/st/stm32cubeide_1.8.0/stm32cubeide/plugins/com.st.stm32cube.ide.mcu.externaltools.gnu-tools-for-stm32.9-2020-q2-update.win32_2.0.0.202105311346/tools/bin/../lib/gcc/arm-none-eabi/9.3.1/../../../../arm-none-eabi/lib/thumb/v7e-m+dp/hard\libc_nano.a(lib_a-memset.o)
 .ARM.attributes
                0x0000000000000585       0x1e c:/st/stm32cubeide_1.8.0/stm32cubeide/plugins/com.st.stm32cube.ide.mcu.externaltools.gnu-tools-for-stm32.9-2020-q2-update.win32_2.0.0.202105311346/tools/bin/../lib/gcc/arm-none-eabi/9.3.1/thumb/v7e-m+dp/hard\libgcc.a(_aeabi_uldivmod.o)
 .ARM.attributes
                0x00000000000005a3       0x32 c:/st/stm32cubeide_1.8.0/stm32cubeide/plugins/com.st.stm32cube.ide.mcu.externaltools.gnu-tools-for-stm32.9-2020-q2-update.win32_2.0.0.202105311346/tools/bin/../lib/gcc/arm-none-eabi/9.3.1/thumb/v7e-m+dp/hard\libgcc.a(_udivmoddi4.o)
 .ARM.attributes
                0x00000000000005d5       0x1e c:/st/stm32cubeide_1.8.0/stm32cubeide/plugins/com.st.stm32cube.ide.mcu.externaltools.gnu-tools-for-stm32.9-2020-q2-update.win32_2.0.0.202105311346/tools/bin/../lib/gcc/arm-none-eabi/9.3.1/thumb/v7e-m+dp/hard\libgcc.a(_dvmd_tls.o)
 .ARM.attributes
                0x00000000000005f3       0x1e c:/st/stm32cubeide_1.8.0/stm32cubeide/plugins/com.st.stm32cube.ide.mcu.externaltools.gnu-tools-for-stm32.9-2020-q2-update.win32_2.0.0.202105311346/tools/bin/../lib/gcc/arm-none-eabi/9.3.1/thumb/v7e-m+dp/hard/crtn.o
OUTPUT(F767ZI_Test2.elf elf32-littlearm)
LOAD linker stubs
LOAD c:/st/stm32cubeide_1.8.0/stm32cubeide/plugins/com.st.stm32cube.ide.mcu.externaltools.gnu-tools-for-stm32.9-2020-q2-update.win32_2.0.0.202105311346/tools/bin/../lib/gcc/arm-none-eabi/9.3.1/../../../../arm-none-eabi/lib/thumb/v7e-m+dp/hard\libc.a
LOAD c:/st/stm32cubeide_1.8.0/stm32cubeide/plugins/com.st.stm32cube.ide.mcu.externaltools.gnu-tools-for-stm32.9-2020-q2-update.win32_2.0.0.202105311346/tools/bin/../lib/gcc/arm-none-eabi/9.3.1/../../../../arm-none-eabi/lib/thumb/v7e-m+dp/hard\libm.a
LOAD c:/st/stm32cubeide_1.8.0/stm32cubeide/plugins/com.st.stm32cube.ide.mcu.externaltools.gnu-tools-for-stm32.9-2020-q2-update.win32_2.0.0.202105311346/tools/bin/../lib/gcc/arm-none-eabi/9.3.1/thumb/v7e-m+dp/hard\libgcc.a

.debug_info     0x0000000000000000    0x16639
 .debug_info    0x0000000000000000      0x609 ./Core/Src/crc.o
 .debug_info    0x0000000000000609      0x668 ./Core/Src/dma.o
 .debug_info    0x0000000000000c71      0x576 ./Core/Src/gpio.o
 .debug_info    0x00000000000011e7     0x4198 ./Core/Src/main.o
 .debug_info    0x000000000000537f      0x3be ./Core/Src/stm32f7xx_hal_msp.o
 .debug_info    0x000000000000573d      0x83b ./Core/Src/stm32f7xx_it.o
 .debug_info    0x0000000000005f78      0x7ad ./Core/Src/system_stm32f7xx.o
 .debug_info    0x0000000000006725     0x1056 ./Core/Src/usart.o
 .debug_info    0x000000000000777b      0xcba ./Core/Src/usb_otg.o
 .debug_info    0x0000000000008435       0x22 ./Core/Startup/startup_stm32f767zitx.o
 .debug_info    0x0000000000008457      0xab8 ./Drivers/STM32F7xx_HAL_Driver/Src/stm32f7xx_hal.o
 .debug_info    0x0000000000008f0f     0x1158 ./Drivers/STM32F7xx_HAL_Driver/Src/stm32f7xx_hal_cortex.o
 .debug_info    0x000000000000a067      0x630 ./Drivers/STM32F7xx_HAL_Driver/Src/stm32f7xx_hal_crc.o
 .debug_info    0x000000000000a697      0x463 ./Drivers/STM32F7xx_HAL_Driver/Src/stm32f7xx_hal_crc_ex.o
 .debug_info    0x000000000000aafa      0x9f1 ./Drivers/STM32F7xx_HAL_Driver/Src/stm32f7xx_hal_dma.o
 .debug_info    0x000000000000b4eb      0x876 ./Drivers/STM32F7xx_HAL_Driver/Src/stm32f7xx_hal_gpio.o
 .debug_info    0x000000000000bd61     0x134f ./Drivers/STM32F7xx_HAL_Driver/Src/stm32f7xx_hal_pcd.o
 .debug_info    0x000000000000d0b0      0x88b ./Drivers/STM32F7xx_HAL_Driver/Src/stm32f7xx_hal_pcd_ex.o
 .debug_info    0x000000000000d93b      0xa4c ./Drivers/STM32F7xx_HAL_Driver/Src/stm32f7xx_hal_pwr.o
 .debug_info    0x000000000000e387      0x9f6 ./Drivers/STM32F7xx_HAL_Driver/Src/stm32f7xx_hal_pwr_ex.o
 .debug_info    0x000000000000ed7d      0xa28 ./Drivers/STM32F7xx_HAL_Driver/Src/stm32f7xx_hal_rcc.o
 .debug_info    0x000000000000f7a5      0x853 ./Drivers/STM32F7xx_HAL_Driver/Src/stm32f7xx_hal_rcc_ex.o
 .debug_info    0x000000000000fff8     0x3cfc ./Drivers/STM32F7xx_HAL_Driver/Src/stm32f7xx_hal_uart.o
 .debug_info    0x0000000000013cf4      0xe05 ./Drivers/STM32F7xx_HAL_Driver/Src/stm32f7xx_hal_uart_ex.o
 .debug_info    0x0000000000014af9     0x1b40 ./Drivers/STM32F7xx_HAL_Driver/Src/stm32f7xx_ll_usb.o

.debug_abbrev   0x0000000000000000     0x3126
 .debug_abbrev  0x0000000000000000      0x177 ./Core/Src/crc.o
 .debug_abbrev  0x0000000000000177      0x11b ./Core/Src/dma.o
 .debug_abbrev  0x0000000000000292      0x14e ./Core/Src/gpio.o
 .debug_abbrev  0x00000000000003e0      0x43a ./Core/Src/main.o
 .debug_abbrev  0x000000000000081a      0x11d ./Core/Src/stm32f7xx_hal_msp.o
 .debug_abbrev  0x0000000000000937      0x163 ./Core/Src/stm32f7xx_it.o
 .debug_abbrev  0x0000000000000a9a      0x165 ./Core/Src/system_stm32f7xx.o
 .debug_abbrev  0x0000000000000bff      0x1d7 ./Core/Src/usart.o
 .debug_abbrev  0x0000000000000dd6      0x1da ./Core/Src/usb_otg.o
 .debug_abbrev  0x0000000000000fb0       0x12 ./Core/Startup/startup_stm32f767zitx.o
 .debug_abbrev  0x0000000000000fc2      0x1ed ./Drivers/STM32F7xx_HAL_Driver/Src/stm32f7xx_hal.o
 .debug_abbrev  0x00000000000011af      0x33c ./Drivers/STM32F7xx_HAL_Driver/Src/stm32f7xx_hal_cortex.o
 .debug_abbrev  0x00000000000014eb      0x1f9 ./Drivers/STM32F7xx_HAL_Driver/Src/stm32f7xx_hal_crc.o
 .debug_abbrev  0x00000000000016e4      0x185 ./Drivers/STM32F7xx_HAL_Driver/Src/stm32f7xx_hal_crc_ex.o
 .debug_abbrev  0x0000000000001869      0x259 ./Drivers/STM32F7xx_HAL_Driver/Src/stm32f7xx_hal_dma.o
 .debug_abbrev  0x0000000000001ac2      0x1f1 ./Drivers/STM32F7xx_HAL_Driver/Src/stm32f7xx_hal_gpio.o
 .debug_abbrev  0x0000000000001cb3      0x2a0 ./Drivers/STM32F7xx_HAL_Driver/Src/stm32f7xx_hal_pcd.o
 .debug_abbrev  0x0000000000001f53      0x1ea ./Drivers/STM32F7xx_HAL_Driver/Src/stm32f7xx_hal_pcd_ex.o
 .debug_abbrev  0x000000000000213d      0x1de ./Drivers/STM32F7xx_HAL_Driver/Src/stm32f7xx_hal_pwr.o
 .debug_abbrev  0x000000000000231b      0x1dc ./Drivers/STM32F7xx_HAL_Driver/Src/stm32f7xx_hal_pwr_ex.o
 .debug_abbrev  0x00000000000024f7      0x29c ./Drivers/STM32F7xx_HAL_Driver/Src/stm32f7xx_hal_rcc.o
 .debug_abbrev  0x0000000000002793      0x1d1 ./Drivers/STM32F7xx_HAL_Driver/Src/stm32f7xx_hal_rcc_ex.o
 .debug_abbrev  0x0000000000002964      0x2b3 ./Drivers/STM32F7xx_HAL_Driver/Src/stm32f7xx_hal_uart.o
 .debug_abbrev  0x0000000000002c17      0x286 ./Drivers/STM32F7xx_HAL_Driver/Src/stm32f7xx_hal_uart_ex.o
 .debug_abbrev  0x0000000000002e9d      0x289 ./Drivers/STM32F7xx_HAL_Driver/Src/stm32f7xx_ll_usb.o

.debug_aranges  0x0000000000000000      0xd48
 .debug_aranges
                0x0000000000000000       0x30 ./Core/Src/crc.o
 .debug_aranges
                0x0000000000000030       0x20 ./Core/Src/dma.o
 .debug_aranges
                0x0000000000000050       0x20 ./Core/Src/gpio.o
 .debug_aranges
                0x0000000000000070       0x38 ./Core/Src/main.o
 .debug_aranges
                0x00000000000000a8       0x20 ./Core/Src/stm32f7xx_hal_msp.o
 .debug_aranges
                0x00000000000000c8       0x78 ./Core/Src/stm32f7xx_it.o
 .debug_aranges
                0x0000000000000140       0x28 ./Core/Src/system_stm32f7xx.o
 .debug_aranges
                0x0000000000000168       0x30 ./Core/Src/usart.o
 .debug_aranges
                0x0000000000000198       0x30 ./Core/Src/usb_otg.o
 .debug_aranges
                0x00000000000001c8       0x28 ./Core/Startup/startup_stm32f767zitx.o
 .debug_aranges
                0x00000000000001f0      0x110 ./Drivers/STM32F7xx_HAL_Driver/Src/stm32f7xx_hal.o
 .debug_aranges
                0x0000000000000300      0x118 ./Drivers/STM32F7xx_HAL_Driver/Src/stm32f7xx_hal_cortex.o
 .debug_aranges
                0x0000000000000418       0x60 ./Drivers/STM32F7xx_HAL_Driver/Src/stm32f7xx_hal_crc.o
 .debug_aranges
                0x0000000000000478       0x30 ./Drivers/STM32F7xx_HAL_Driver/Src/stm32f7xx_hal_crc_ex.o
 .debug_aranges
                0x00000000000004a8       0x90 ./Drivers/STM32F7xx_HAL_Driver/Src/stm32f7xx_hal_dma.o
 .debug_aranges
                0x0000000000000538       0x58 ./Drivers/STM32F7xx_HAL_Driver/Src/stm32f7xx_hal_gpio.o
 .debug_aranges
                0x0000000000000590      0x140 ./Drivers/STM32F7xx_HAL_Driver/Src/stm32f7xx_hal_pcd.o
 .debug_aranges
                0x00000000000006d0       0x48 ./Drivers/STM32F7xx_HAL_Driver/Src/stm32f7xx_hal_pcd_ex.o
 .debug_aranges
                0x0000000000000718       0xa0 ./Drivers/STM32F7xx_HAL_Driver/Src/stm32f7xx_hal_pwr.o
 .debug_aranges
                0x00000000000007b8       0x80 ./Drivers/STM32F7xx_HAL_Driver/Src/stm32f7xx_hal_pwr_ex.o
 .debug_aranges
                0x0000000000000838       0x88 ./Drivers/STM32F7xx_HAL_Driver/Src/stm32f7xx_hal_rcc.o
 .debug_aranges
                0x00000000000008c0       0x50 ./Drivers/STM32F7xx_HAL_Driver/Src/stm32f7xx_hal_rcc_ex.o
 .debug_aranges
                0x0000000000000910      0x230 ./Drivers/STM32F7xx_HAL_Driver/Src/stm32f7xx_hal_uart.o
 .debug_aranges
                0x0000000000000b40       0x70 ./Drivers/STM32F7xx_HAL_Driver/Src/stm32f7xx_hal_uart_ex.o
 .debug_aranges
                0x0000000000000bb0      0x198 ./Drivers/STM32F7xx_HAL_Driver/Src/stm32f7xx_ll_usb.o

.debug_ranges   0x0000000000000000      0xbf0
 .debug_ranges  0x0000000000000000       0x20 ./Core/Src/crc.o
 .debug_ranges  0x0000000000000020       0x10 ./Core/Src/dma.o
 .debug_ranges  0x0000000000000030       0x10 ./Core/Src/gpio.o
 .debug_ranges  0x0000000000000040       0x28 ./Core/Src/main.o
 .debug_ranges  0x0000000000000068       0x10 ./Core/Src/stm32f7xx_hal_msp.o
 .debug_ranges  0x0000000000000078       0x68 ./Core/Src/stm32f7xx_it.o
 .debug_ranges  0x00000000000000e0       0x18 ./Core/Src/system_stm32f7xx.o
 .debug_ranges  0x00000000000000f8       0x20 ./Core/Src/usart.o
 .debug_ranges  0x0000000000000118       0x20 ./Core/Src/usb_otg.o
 .debug_ranges  0x0000000000000138       0x20 ./Core/Startup/startup_stm32f767zitx.o
 .debug_ranges  0x0000000000000158      0x100 ./Drivers/STM32F7xx_HAL_Driver/Src/stm32f7xx_hal.o
 .debug_ranges  0x0000000000000258      0x108 ./Drivers/STM32F7xx_HAL_Driver/Src/stm32f7xx_hal_cortex.o
 .debug_ranges  0x0000000000000360       0x50 ./Drivers/STM32F7xx_HAL_Driver/Src/stm32f7xx_hal_crc.o
 .debug_ranges  0x00000000000003b0       0x20 ./Drivers/STM32F7xx_HAL_Driver/Src/stm32f7xx_hal_crc_ex.o
 .debug_ranges  0x00000000000003d0       0x80 ./Drivers/STM32F7xx_HAL_Driver/Src/stm32f7xx_hal_dma.o
 .debug_ranges  0x0000000000000450       0x48 ./Drivers/STM32F7xx_HAL_Driver/Src/stm32f7xx_hal_gpio.o
 .debug_ranges  0x0000000000000498      0x130 ./Drivers/STM32F7xx_HAL_Driver/Src/stm32f7xx_hal_pcd.o
 .debug_ranges  0x00000000000005c8       0x38 ./Drivers/STM32F7xx_HAL_Driver/Src/stm32f7xx_hal_pcd_ex.o
 .debug_ranges  0x0000000000000600       0x90 ./Drivers/STM32F7xx_HAL_Driver/Src/stm32f7xx_hal_pwr.o
 .debug_ranges  0x0000000000000690       0x70 ./Drivers/STM32F7xx_HAL_Driver/Src/stm32f7xx_hal_pwr_ex.o
 .debug_ranges  0x0000000000000700       0x78 ./Drivers/STM32F7xx_HAL_Driver/Src/stm32f7xx_hal_rcc.o
 .debug_ranges  0x0000000000000778       0x40 ./Drivers/STM32F7xx_HAL_Driver/Src/stm32f7xx_hal_rcc_ex.o
 .debug_ranges  0x00000000000007b8      0x250 ./Drivers/STM32F7xx_HAL_Driver/Src/stm32f7xx_hal_uart.o
 .debug_ranges  0x0000000000000a08       0x60 ./Drivers/STM32F7xx_HAL_Driver/Src/stm32f7xx_hal_uart_ex.o
 .debug_ranges  0x0000000000000a68      0x188 ./Drivers/STM32F7xx_HAL_Driver/Src/stm32f7xx_ll_usb.o

.debug_macro    0x0000000000000000    0x2ba9b
 .debug_macro   0x0000000000000000      0x220 ./Core/Src/crc.o
 .debug_macro   0x0000000000000220      0xac0 ./Core/Src/crc.o
 .debug_macro   0x0000000000000ce0      0x299 ./Core/Src/crc.o
 .debug_macro   0x0000000000000f79       0x2e ./Core/Src/crc.o
 .debug_macro   0x0000000000000fa7       0x3b ./Core/Src/crc.o
 .debug_macro   0x0000000000000fe2       0x22 ./Core/Src/crc.o
 .debug_macro   0x0000000000001004       0x8e ./Core/Src/crc.o
 .debug_macro   0x0000000000001092       0x51 ./Core/Src/crc.o
 .debug_macro   0x00000000000010e3      0x103 ./Core/Src/crc.o
 .debug_macro   0x00000000000011e6       0x6a ./Core/Src/crc.o
 .debug_macro   0x0000000000001250      0x1df ./Core/Src/crc.o
 .debug_macro   0x000000000000142f       0x1c ./Core/Src/crc.o
 .debug_macro   0x000000000000144b       0x22 ./Core/Src/crc.o
 .debug_macro   0x000000000000146d       0xdf ./Core/Src/crc.o
 .debug_macro   0x000000000000154c     0x12cd ./Core/Src/crc.o
 .debug_macro   0x0000000000002819      0x11f ./Core/Src/crc.o
 .debug_macro   0x0000000000002938       0x19 ./Core/Src/crc.o
 .debug_macro   0x0000000000002951    0x1a9dd ./Core/Src/crc.o
 .debug_macro   0x000000000001d32e       0x6d ./Core/Src/crc.o
 .debug_macro   0x000000000001d39b     0x3714 ./Core/Src/crc.o
 .debug_macro   0x0000000000020aaf      0x174 ./Core/Src/crc.o
 .debug_macro   0x0000000000020c23       0x63 ./Core/Src/crc.o
 .debug_macro   0x0000000000020c86     0x1add ./Core/Src/crc.o
 .debug_macro   0x0000000000022763      0x6c4 ./Core/Src/crc.o
 .debug_macro   0x0000000000022e27      0x18b ./Core/Src/crc.o
 .debug_macro   0x0000000000022fb2      0x115 ./Core/Src/crc.o
 .debug_macro   0x00000000000230c7      0x26e ./Core/Src/crc.o
 .debug_macro   0x0000000000023335       0xa5 ./Core/Src/crc.o
 .debug_macro   0x00000000000233da      0x24f ./Core/Src/crc.o
 .debug_macro   0x0000000000023629       0x71 ./Core/Src/crc.o
 .debug_macro   0x000000000002369a       0x58 ./Core/Src/crc.o
 .debug_macro   0x00000000000236f2      0x236 ./Core/Src/crc.o
 .debug_macro   0x0000000000023928       0xc7 ./Core/Src/crc.o
 .debug_macro   0x00000000000239ef       0x4c ./Core/Src/crc.o
 .debug_macro   0x0000000000023a3b      0x14e ./Core/Src/crc.o
 .debug_macro   0x0000000000023b89      0x3db ./Core/Src/crc.o
 .debug_macro   0x0000000000023f64       0x12 ./Core/Src/crc.o
 .debug_macro   0x0000000000023f76      0x22c ./Core/Src/crc.o
 .debug_macro   0x00000000000241a2       0x61 ./Core/Src/crc.o
 .debug_macro   0x0000000000024203       0xa5 ./Core/Src/crc.o
 .debug_macro   0x00000000000242a8      0x12e ./Core/Src/crc.o
 .debug_macro   0x00000000000243d6      0x108 ./Core/Src/crc.o
 .debug_macro   0x00000000000244de       0x35 ./Core/Src/crc.o
 .debug_macro   0x0000000000024513      0x5a5 ./Core/Src/crc.o
 .debug_macro   0x0000000000024ab8       0x44 ./Core/Src/crc.o
 .debug_macro   0x0000000000024afc      0x256 ./Core/Src/crc.o
 .debug_macro   0x0000000000024d52       0xba ./Core/Src/crc.o
 .debug_macro   0x0000000000024e0c      0x15b ./Core/Src/crc.o
 .debug_macro   0x0000000000024f67      0x13c ./Core/Src/crc.o
 .debug_macro   0x00000000000250a3      0x220 ./Core/Src/dma.o
 .debug_macro   0x00000000000252c3      0x220 ./Core/Src/gpio.o
 .debug_macro   0x00000000000254e3      0x4ac ./Core/Src/main.o
 .debug_macro   0x000000000002598f      0xb98 ./Core/Src/main.o
 .debug_macro   0x0000000000026527       0x1c ./Core/Src/main.o
 .debug_macro   0x0000000000026543     0x12cd ./Core/Src/main.o
 .debug_macro   0x0000000000027810      0x17b ./Core/Src/main.o
 .debug_macro   0x000000000002798b       0x52 ./Core/Src/main.o
 .debug_macro   0x00000000000279dd       0x17 ./Core/Src/main.o
 .debug_macro   0x00000000000279f4       0x3c ./Core/Src/main.o
 .debug_macro   0x0000000000027a30       0x34 ./Core/Src/main.o
 .debug_macro   0x0000000000027a64       0x16 ./Core/Src/main.o
 .debug_macro   0x0000000000027a7a       0x35 ./Core/Src/main.o
 .debug_macro   0x0000000000027aaf      0x356 ./Core/Src/main.o
 .debug_macro   0x0000000000027e05       0x10 ./Core/Src/main.o
 .debug_macro   0x0000000000027e15       0x16 ./Core/Src/main.o
 .debug_macro   0x0000000000027e2b       0x43 ./Core/Src/main.o
 .debug_macro   0x0000000000027e6e       0x34 ./Core/Src/main.o
 .debug_macro   0x0000000000027ea2       0x10 ./Core/Src/main.o
 .debug_macro   0x0000000000027eb2       0x58 ./Core/Src/main.o
 .debug_macro   0x0000000000027f0a       0x71 ./Core/Src/main.o
 .debug_macro   0x0000000000027f7b       0x16 ./Core/Src/main.o
 .debug_macro   0x0000000000027f91      0x12a ./Core/Src/main.o
 .debug_macro   0x00000000000280bb       0x10 ./Core/Src/main.o
 .debug_macro   0x00000000000280cb       0x1c ./Core/Src/main.o
 .debug_macro   0x00000000000280e7       0x52 ./Core/Src/main.o
 .debug_macro   0x0000000000028139       0x22 ./Core/Src/main.o
 .debug_macro   0x000000000002815b       0x10 ./Core/Src/main.o
 .debug_macro   0x000000000002816b       0x40 ./Core/Src/main.o
 .debug_macro   0x00000000000281ab       0xd5 ./Core/Src/main.o
 .debug_macro   0x0000000000028280       0x1c ./Core/Src/main.o
 .debug_macro   0x000000000002829c       0x3d ./Core/Src/main.o
 .debug_macro   0x00000000000282d9       0x16 ./Core/Src/main.o
 .debug_macro   0x00000000000282ef      0x137 ./Core/Src/main.o
 .debug_macro   0x0000000000028426      0x17c ./Core/Src/main.o
 .debug_macro   0x00000000000285a2       0x10 ./Core/Src/main.o
 .debug_macro   0x00000000000285b2      0x41e ./Core/Src/main.o
 .debug_macro   0x00000000000289d0       0x10 ./Core/Src/main.o
 .debug_macro   0x00000000000289e0       0x16 ./Core/Src/main.o
 .debug_macro   0x00000000000289f6       0x16 ./Core/Src/main.o
 .debug_macro   0x0000000000028a0c       0x29 ./Core/Src/main.o
 .debug_macro   0x0000000000028a35       0x1c ./Core/Src/main.o
 .debug_macro   0x0000000000028a51       0xde ./Core/Src/main.o
 .debug_macro   0x0000000000028b2f       0x16 ./Core/Src/main.o
 .debug_macro   0x0000000000028b45       0x18 ./Core/Src/main.o
 .debug_macro   0x0000000000028b5d      0x1a2 ./Core/Src/main.o
 .debug_macro   0x0000000000028cff      0x3cd ./Core/Src/main.o
 .debug_macro   0x00000000000290cc       0x16 ./Core/Src/main.o
 .debug_macro   0x00000000000290e2       0x20 ./Core/Src/main.o
 .debug_macro   0x0000000000029102      0x216 ./Core/Src/stm32f7xx_hal_msp.o
 .debug_macro   0x0000000000029318      0x220 ./Core/Src/stm32f7xx_it.o
 .debug_macro   0x0000000000029538      0x207 ./Core/Src/system_stm32f7xx.o
 .debug_macro   0x000000000002973f      0x220 ./Core/Src/usart.o
 .debug_macro   0x000000000002995f      0x220 ./Core/Src/usb_otg.o
 .debug_macro   0x0000000000029b7f      0x22b ./Drivers/STM32F7xx_HAL_Driver/Src/stm32f7xx_hal.o
 .debug_macro   0x0000000000029daa      0x207 ./Drivers/STM32F7xx_HAL_Driver/Src/stm32f7xx_hal_cortex.o
 .debug_macro   0x0000000000029fb1      0x207 ./Drivers/STM32F7xx_HAL_Driver/Src/stm32f7xx_hal_crc.o
 .debug_macro   0x000000000002a1b8      0x207 ./Drivers/STM32F7xx_HAL_Driver/Src/stm32f7xx_hal_crc_ex.o
 .debug_macro   0x000000000002a3bf      0x20d ./Drivers/STM32F7xx_HAL_Driver/Src/stm32f7xx_hal_dma.o
 .debug_macro   0x000000000002a5cc      0x20d ./Drivers/STM32F7xx_HAL_Driver/Src/stm32f7xx_hal_gpio.o
 .debug_macro   0x000000000002a7d9      0x213 ./Drivers/STM32F7xx_HAL_Driver/Src/stm32f7xx_hal_pcd.o
 .debug_macro   0x000000000002a9ec      0x207 ./Drivers/STM32F7xx_HAL_Driver/Src/stm32f7xx_hal_pcd_ex.o
 .debug_macro   0x000000000002abf3      0x225 ./Drivers/STM32F7xx_HAL_Driver/Src/stm32f7xx_hal_pwr.o
 .debug_macro   0x000000000002ae18      0x21f ./Drivers/STM32F7xx_HAL_Driver/Src/stm32f7xx_hal_pwr_ex.o
 .debug_macro   0x000000000002b037      0x22b ./Drivers/STM32F7xx_HAL_Driver/Src/stm32f7xx_hal_rcc.o
 .debug_macro   0x000000000002b262      0x207 ./Drivers/STM32F7xx_HAL_Driver/Src/stm32f7xx_hal_rcc_ex.o
 .debug_macro   0x000000000002b469      0x224 ./Drivers/STM32F7xx_HAL_Driver/Src/stm32f7xx_hal_uart.o
 .debug_macro   0x000000000002b68d      0x207 ./Drivers/STM32F7xx_HAL_Driver/Src/stm32f7xx_hal_uart_ex.o
 .debug_macro   0x000000000002b894      0x207 ./Drivers/STM32F7xx_HAL_Driver/Src/stm32f7xx_ll_usb.o

.debug_line     0x0000000000000000    0x13689
 .debug_line    0x0000000000000000      0x78a ./Core/Src/crc.o
 .debug_line    0x000000000000078a      0x736 ./Core/Src/dma.o
 .debug_line    0x0000000000000ec0      0x7ac ./Core/Src/gpio.o
 .debug_line    0x000000000000166c      0xece ./Core/Src/main.o
 .debug_line    0x000000000000253a      0x738 ./Core/Src/stm32f7xx_hal_msp.o
 .debug_line    0x0000000000002c72      0x843 ./Core/Src/stm32f7xx_it.o
 .debug_line    0x00000000000034b5      0x7b8 ./Core/Src/system_stm32f7xx.o
 .debug_line    0x0000000000003c6d      0x80b ./Core/Src/usart.o
 .debug_line    0x0000000000004478      0x7c9 ./Core/Src/usb_otg.o
 .debug_line    0x0000000000004c41       0x88 ./Core/Startup/startup_stm32f767zitx.o
 .debug_line    0x0000000000004cc9      0xa79 ./Drivers/STM32F7xx_HAL_Driver/Src/stm32f7xx_hal.o
 .debug_line    0x0000000000005742      0xccf ./Drivers/STM32F7xx_HAL_Driver/Src/stm32f7xx_hal_cortex.o
 .debug_line    0x0000000000006411      0xa79 ./Drivers/STM32F7xx_HAL_Driver/Src/stm32f7xx_hal_crc.o
 .debug_line    0x0000000000006e8a      0x7eb ./Drivers/STM32F7xx_HAL_Driver/Src/stm32f7xx_hal_crc_ex.o
 .debug_line    0x0000000000007675      0xf96 ./Drivers/STM32F7xx_HAL_Driver/Src/stm32f7xx_hal_dma.o
 .debug_line    0x000000000000860b      0xbbd ./Drivers/STM32F7xx_HAL_Driver/Src/stm32f7xx_hal_gpio.o
 .debug_line    0x00000000000091c8     0x1365 ./Drivers/STM32F7xx_HAL_Driver/Src/stm32f7xx_hal_pcd.o
 .debug_line    0x000000000000a52d      0x84a ./Drivers/STM32F7xx_HAL_Driver/Src/stm32f7xx_hal_pcd_ex.o
 .debug_line    0x000000000000ad77      0x94d ./Drivers/STM32F7xx_HAL_Driver/Src/stm32f7xx_hal_pwr.o
 .debug_line    0x000000000000b6c4      0x9be ./Drivers/STM32F7xx_HAL_Driver/Src/stm32f7xx_hal_pwr_ex.o
 .debug_line    0x000000000000c082      0xebb ./Drivers/STM32F7xx_HAL_Driver/Src/stm32f7xx_hal_rcc.o
 .debug_line    0x000000000000cf3d      0xe97 ./Drivers/STM32F7xx_HAL_Driver/Src/stm32f7xx_hal_rcc_ex.o
 .debug_line    0x000000000000ddd4     0x3252 ./Drivers/STM32F7xx_HAL_Driver/Src/stm32f7xx_hal_uart.o
 .debug_line    0x0000000000011026      0xc5e ./Drivers/STM32F7xx_HAL_Driver/Src/stm32f7xx_hal_uart_ex.o
 .debug_line    0x0000000000011c84     0x1a05 ./Drivers/STM32F7xx_HAL_Driver/Src/stm32f7xx_ll_usb.o

.debug_str      0x0000000000000000    0xf832d
 .debug_str     0x0000000000000000    0xec9c7 ./Core/Src/crc.o
                                      0xed124 (size before relaxing)
 .debug_str     0x00000000000ec9c7      0x653 ./Core/Src/dma.o
                                      0xed579 (size before relaxing)
 .debug_str     0x00000000000ed01a       0x9d ./Core/Src/gpio.o
                                      0xecfda (size before relaxing)
 .debug_str     0x00000000000ed0b7     0x7f7d ./Core/Src/main.o
                                      0xf5315 (size before relaxing)
 .debug_str     0x00000000000f5034       0x2c ./Core/Src/stm32f7xx_hal_msp.o
                                      0xecf3d (size before relaxing)
 .debug_str     0x00000000000f5060      0x10e ./Core/Src/stm32f7xx_it.o
                                      0xed376 (size before relaxing)
 .debug_str     0x00000000000f516e      0x178 ./Core/Src/system_stm32f7xx.o
                                      0xecb90 (size before relaxing)
 .debug_str     0x00000000000f52e6      0x2cb ./Core/Src/usart.o
                                      0xedd84 (size before relaxing)
 .debug_str     0x00000000000f55b1       0x59 ./Core/Src/usb_otg.o
                                      0xed69a (size before relaxing)
 .debug_str     0x00000000000f560a       0x36 ./Core/Startup/startup_stm32f767zitx.o
                                         0x69 (size before relaxing)
 .debug_str     0x00000000000f5640      0x3b5 ./Drivers/STM32F7xx_HAL_Driver/Src/stm32f7xx_hal.o
                                      0xed52e (size before relaxing)
 .debug_str     0x00000000000f59f5      0x38f ./Drivers/STM32F7xx_HAL_Driver/Src/stm32f7xx_hal_cortex.o
                                      0xed59a (size before relaxing)
 .debug_str     0x00000000000f5d84       0xc0 ./Drivers/STM32F7xx_HAL_Driver/Src/stm32f7xx_hal_crc.o
                                      0xecbde (size before relaxing)
 .debug_str     0x00000000000f5e44       0x82 ./Drivers/STM32F7xx_HAL_Driver/Src/stm32f7xx_hal_crc_ex.o
                                      0xecbb1 (size before relaxing)
 .debug_str     0x00000000000f5ec6      0x32d ./Drivers/STM32F7xx_HAL_Driver/Src/stm32f7xx_hal_dma.o
                                      0xecedf (size before relaxing)
 .debug_str     0x00000000000f61f3      0x135 ./Drivers/STM32F7xx_HAL_Driver/Src/stm32f7xx_hal_gpio.o
                                      0xecc7a (size before relaxing)
 .debug_str     0x00000000000f6328      0x56a ./Drivers/STM32F7xx_HAL_Driver/Src/stm32f7xx_hal_pcd.o
                                      0xed2dc (size before relaxing)
 .debug_str     0x00000000000f6892      0x16d ./Drivers/STM32F7xx_HAL_Driver/Src/stm32f7xx_hal_pcd_ex.o
                                      0xeceb2 (size before relaxing)
 .debug_str     0x00000000000f69ff      0x2c5 ./Drivers/STM32F7xx_HAL_Driver/Src/stm32f7xx_hal_pwr.o
                                      0xece5d (size before relaxing)
 .debug_str     0x00000000000f6cc4      0x1bd ./Drivers/STM32F7xx_HAL_Driver/Src/stm32f7xx_hal_pwr_ex.o
                                      0xece1f (size before relaxing)
 .debug_str     0x00000000000f6e81      0x274 ./Drivers/STM32F7xx_HAL_Driver/Src/stm32f7xx_hal_rcc.o
                                      0xeced9 (size before relaxing)
 .debug_str     0x00000000000f70f5      0x161 ./Drivers/STM32F7xx_HAL_Driver/Src/stm32f7xx_hal_rcc_ex.o
                                      0xece8e (size before relaxing)
 .debug_str     0x00000000000f7256      0x857 ./Drivers/STM32F7xx_HAL_Driver/Src/stm32f7xx_hal_uart.o
                                      0xed7ce (size before relaxing)
 .debug_str     0x00000000000f7aad      0x1dd ./Drivers/STM32F7xx_HAL_Driver/Src/stm32f7xx_hal_uart_ex.o
                                      0xecffd (size before relaxing)
 .debug_str     0x00000000000f7c8a      0x6a3 ./Drivers/STM32F7xx_HAL_Driver/Src/stm32f7xx_ll_usb.o
                                      0xed40e (size before relaxing)

.comment        0x0000000000000000       0x53
 .comment       0x0000000000000000       0x53 ./Core/Src/crc.o
                                         0x54 (size before relaxing)
 .comment       0x0000000000000053       0x54 ./Core/Src/dma.o
 .comment       0x0000000000000053       0x54 ./Core/Src/gpio.o
 .comment       0x0000000000000053       0x54 ./Core/Src/main.o
 .comment       0x0000000000000053       0x54 ./Core/Src/stm32f7xx_hal_msp.o
 .comment       0x0000000000000053       0x54 ./Core/Src/stm32f7xx_it.o
 .comment       0x0000000000000053       0x54 ./Core/Src/system_stm32f7xx.o
 .comment       0x0000000000000053       0x54 ./Core/Src/usart.o
 .comment       0x0000000000000053       0x54 ./Core/Src/usb_otg.o
 .comment       0x0000000000000053       0x54 ./Drivers/STM32F7xx_HAL_Driver/Src/stm32f7xx_hal.o
 .comment       0x0000000000000053       0x54 ./Drivers/STM32F7xx_HAL_Driver/Src/stm32f7xx_hal_cortex.o
 .comment       0x0000000000000053       0x54 ./Drivers/STM32F7xx_HAL_Driver/Src/stm32f7xx_hal_crc.o
 .comment       0x0000000000000053       0x54 ./Drivers/STM32F7xx_HAL_Driver/Src/stm32f7xx_hal_crc_ex.o
 .comment       0x0000000000000053       0x54 ./Drivers/STM32F7xx_HAL_Driver/Src/stm32f7xx_hal_dma.o
 .comment       0x0000000000000053       0x54 ./Drivers/STM32F7xx_HAL_Driver/Src/stm32f7xx_hal_gpio.o
 .comment       0x0000000000000053       0x54 ./Drivers/STM32F7xx_HAL_Driver/Src/stm32f7xx_hal_pcd.o
 .comment       0x0000000000000053       0x54 ./Drivers/STM32F7xx_HAL_Driver/Src/stm32f7xx_hal_pcd_ex.o
 .comment       0x0000000000000053       0x54 ./Drivers/STM32F7xx_HAL_Driver/Src/stm32f7xx_hal_pwr.o
 .comment       0x0000000000000053       0x54 ./Drivers/STM32F7xx_HAL_Driver/Src/stm32f7xx_hal_pwr_ex.o
 .comment       0x0000000000000053       0x54 ./Drivers/STM32F7xx_HAL_Driver/Src/stm32f7xx_hal_rcc.o
 .comment       0x0000000000000053       0x54 ./Drivers/STM32F7xx_HAL_Driver/Src/stm32f7xx_hal_rcc_ex.o
 .comment       0x0000000000000053       0x54 ./Drivers/STM32F7xx_HAL_Driver/Src/stm32f7xx_hal_uart.o
 .comment       0x0000000000000053       0x54 ./Drivers/STM32F7xx_HAL_Driver/Src/stm32f7xx_hal_uart_ex.o
 .comment       0x0000000000000053       0x54 ./Drivers/STM32F7xx_HAL_Driver/Src/stm32f7xx_ll_usb.o

.debug_frame    0x0000000000000000     0x3438
 .debug_frame   0x0000000000000000       0x7c ./Core/Src/crc.o
 .debug_frame   0x000000000000007c       0x34 ./Core/Src/dma.o
 .debug_frame   0x00000000000000b0       0x34 ./Core/Src/gpio.o
 .debug_frame   0x00000000000000e4       0x94 ./Core/Src/main.o
 .debug_frame   0x0000000000000178       0x38 ./Core/Src/stm32f7xx_hal_msp.o
 .debug_frame   0x00000000000001b0      0x158 ./Core/Src/stm32f7xx_it.o
 .debug_frame   0x0000000000000308       0x58 ./Core/Src/system_stm32f7xx.o
 .debug_frame   0x0000000000000360       0x78 ./Core/Src/usart.o
 .debug_frame   0x00000000000003d8       0x78 ./Core/Src/usb_otg.o
 .debug_frame   0x0000000000000450      0x3f4 ./Drivers/STM32F7xx_HAL_Driver/Src/stm32f7xx_hal.o
 .debug_frame   0x0000000000000844      0x498 ./Drivers/STM32F7xx_HAL_Driver/Src/stm32f7xx_hal_cortex.o
 .debug_frame   0x0000000000000cdc      0x168 ./Drivers/STM32F7xx_HAL_Driver/Src/stm32f7xx_hal_crc.o
 .debug_frame   0x0000000000000e44       0x88 ./Drivers/STM32F7xx_HAL_Driver/Src/stm32f7xx_hal_crc_ex.o
 .debug_frame   0x0000000000000ecc      0x250 ./Drivers/STM32F7xx_HAL_Driver/Src/stm32f7xx_hal_dma.o
 .debug_frame   0x000000000000111c      0x14c ./Drivers/STM32F7xx_HAL_Driver/Src/stm32f7xx_hal_gpio.o
 .debug_frame   0x0000000000001268      0x59c ./Drivers/STM32F7xx_HAL_Driver/Src/stm32f7xx_hal_pcd.o
 .debug_frame   0x0000000000001804      0x100 ./Drivers/STM32F7xx_HAL_Driver/Src/stm32f7xx_hal_pcd_ex.o
 .debug_frame   0x0000000000001904      0x254 ./Drivers/STM32F7xx_HAL_Driver/Src/stm32f7xx_hal_pwr.o
 .debug_frame   0x0000000000001b58      0x1c8 ./Drivers/STM32F7xx_HAL_Driver/Src/stm32f7xx_hal_pwr_ex.o
 .debug_frame   0x0000000000001d20      0x1f4 ./Drivers/STM32F7xx_HAL_Driver/Src/stm32f7xx_hal_rcc.o
 .debug_frame   0x0000000000001f14      0x118 ./Drivers/STM32F7xx_HAL_Driver/Src/stm32f7xx_hal_rcc_ex.o
 .debug_frame   0x000000000000202c      0xa10 ./Drivers/STM32F7xx_HAL_Driver/Src/stm32f7xx_hal_uart.o
 .debug_frame   0x0000000000002a3c      0x1b8 ./Drivers/STM32F7xx_HAL_Driver/Src/stm32f7xx_hal_uart_ex.o
 .debug_frame   0x0000000000002bf4      0x798 ./Drivers/STM32F7xx_HAL_Driver/Src/stm32f7xx_ll_usb.o
 .debug_frame   0x000000000000338c       0x2c c:/st/stm32cubeide_1.8.0/stm32cubeide/plugins/com.st.stm32cube.ide.mcu.externaltools.gnu-tools-for-stm32.9-2020-q2-update.win32_2.0.0.202105311346/tools/bin/../lib/gcc/arm-none-eabi/9.3.1/../../../../arm-none-eabi/lib/thumb/v7e-m+dp/hard\libc_nano.a(lib_a-init.o)
 .debug_frame   0x00000000000033b8       0x20 c:/st/stm32cubeide_1.8.0/stm32cubeide/plugins/com.st.stm32cube.ide.mcu.externaltools.gnu-tools-for-stm32.9-2020-q2-update.win32_2.0.0.202105311346/tools/bin/../lib/gcc/arm-none-eabi/9.3.1/../../../../arm-none-eabi/lib/thumb/v7e-m+dp/hard\libc_nano.a(lib_a-memset.o)
 .debug_frame   0x00000000000033d8       0x2c c:/st/stm32cubeide_1.8.0/stm32cubeide/plugins/com.st.stm32cube.ide.mcu.externaltools.gnu-tools-for-stm32.9-2020-q2-update.win32_2.0.0.202105311346/tools/bin/../lib/gcc/arm-none-eabi/9.3.1/thumb/v7e-m+dp/hard\libgcc.a(_aeabi_uldivmod.o)
 .debug_frame   0x0000000000003404       0x34 c:/st/stm32cubeide_1.8.0/stm32cubeide/plugins/com.st.stm32cube.ide.mcu.externaltools.gnu-tools-for-stm32.9-2020-q2-update.win32_2.0.0.202105311346/tools/bin/../lib/gcc/arm-none-eabi/9.3.1/thumb/v7e-m+dp/hard\libgcc.a(_udivmoddi4.o)
